Archive member included to satisfy reference by file (symbol)

c:/ac6/systemworkbench/plugins/fr.ac6.mcu.externaltools.arm-none.win32_1.16.0.201807130628/tools/compiler/bin/../lib/gcc/arm-none-eabi/7.2.1/../../../../arm-none-eabi/lib/thumb/v7-m\libc_nano.a(lib_a-exit.o)
                              c:/ac6/systemworkbench/plugins/fr.ac6.mcu.externaltools.arm-none.win32_1.16.0.201807130628/tools/compiler/bin/../lib/gcc/arm-none-eabi/7.2.1/../../../../arm-none-eabi/lib/thumb/v7-m/crt0.o (exit)
c:/ac6/systemworkbench/plugins/fr.ac6.mcu.externaltools.arm-none.win32_1.16.0.201807130628/tools/compiler/bin/../lib/gcc/arm-none-eabi/7.2.1/../../../../arm-none-eabi/lib/thumb/v7-m\libc_nano.a(lib_a-impure.o)
                              c:/ac6/systemworkbench/plugins/fr.ac6.mcu.externaltools.arm-none.win32_1.16.0.201807130628/tools/compiler/bin/../lib/gcc/arm-none-eabi/7.2.1/../../../../arm-none-eabi/lib/thumb/v7-m\libc_nano.a(lib_a-exit.o) (_global_impure_ptr)
c:/ac6/systemworkbench/plugins/fr.ac6.mcu.externaltools.arm-none.win32_1.16.0.201807130628/tools/compiler/bin/../lib/gcc/arm-none-eabi/7.2.1/../../../../arm-none-eabi/lib/thumb/v7-m\libc_nano.a(lib_a-init.o)
                              c:/ac6/systemworkbench/plugins/fr.ac6.mcu.externaltools.arm-none.win32_1.16.0.201807130628/tools/compiler/bin/../lib/gcc/arm-none-eabi/7.2.1/../../../../arm-none-eabi/lib/thumb/v7-m/crt0.o (__libc_init_array)
c:/ac6/systemworkbench/plugins/fr.ac6.mcu.externaltools.arm-none.win32_1.16.0.201807130628/tools/compiler/bin/../lib/gcc/arm-none-eabi/7.2.1/../../../../arm-none-eabi/lib/thumb/v7-m\libc_nano.a(lib_a-memcpy-stub.o)
                              Core/Src/led_status.o (memcpy)
c:/ac6/systemworkbench/plugins/fr.ac6.mcu.externaltools.arm-none.win32_1.16.0.201807130628/tools/compiler/bin/../lib/gcc/arm-none-eabi/7.2.1/../../../../arm-none-eabi/lib/thumb/v7-m\libc_nano.a(lib_a-memset.o)
                              c:/ac6/systemworkbench/plugins/fr.ac6.mcu.externaltools.arm-none.win32_1.16.0.201807130628/tools/compiler/bin/../lib/gcc/arm-none-eabi/7.2.1/../../../../arm-none-eabi/lib/thumb/v7-m/crt0.o (memset)
c:/ac6/systemworkbench/plugins/fr.ac6.mcu.externaltools.arm-none.win32_1.16.0.201807130628/tools/compiler/bin/../lib/gcc/arm-none-eabi/7.2.1/../../../../arm-none-eabi/lib/thumb/v7-m\libnosys.a(_exit.o)
                              c:/ac6/systemworkbench/plugins/fr.ac6.mcu.externaltools.arm-none.win32_1.16.0.201807130628/tools/compiler/bin/../lib/gcc/arm-none-eabi/7.2.1/../../../../arm-none-eabi/lib/thumb/v7-m\libc_nano.a(lib_a-exit.o) (_exit)

Allocating common symbols
Common symbol       size              file

hUsbDeviceFS        0x224             USB_DEVICE/App/usb_device.o
hdma_tim2_up        0x44              Core/Src/main.o
uwTick              0x4               Drivers/STM32F1xx_HAL_Driver/Src/stm32f1xx_hal.o
pFlash              0x20              Drivers/STM32F1xx_HAL_Driver/Src/stm32f1xx_hal_flash.o
UserRxBufferFS      0x3e8             USB_DEVICE/App/usbd_cdc_if.o
htim3               0x40              Core/Src/main.o
UserTxBufferFS      0x3e8             USB_DEVICE/App/usbd_cdc_if.o
htim2               0x40              Core/Src/main.o
hpcd_USB_FS         0x460             USB_DEVICE/Target/usbd_conf.o
USBD_StrDesc        0x200             USB_DEVICE/App/usbd_desc.o

Discarded input sections

 .text          0x00000000        0x0 c:/ac6/systemworkbench/plugins/fr.ac6.mcu.externaltools.arm-none.win32_1.16.0.201807130628/tools/compiler/bin/../lib/gcc/arm-none-eabi/7.2.1/thumb/v7-m/crti.o
 .data          0x00000000        0x0 c:/ac6/systemworkbench/plugins/fr.ac6.mcu.externaltools.arm-none.win32_1.16.0.201807130628/tools/compiler/bin/../lib/gcc/arm-none-eabi/7.2.1/thumb/v7-m/crti.o
 .bss           0x00000000        0x0 c:/ac6/systemworkbench/plugins/fr.ac6.mcu.externaltools.arm-none.win32_1.16.0.201807130628/tools/compiler/bin/../lib/gcc/arm-none-eabi/7.2.1/thumb/v7-m/crti.o
 .data          0x00000000        0x4 c:/ac6/systemworkbench/plugins/fr.ac6.mcu.externaltools.arm-none.win32_1.16.0.201807130628/tools/compiler/bin/../lib/gcc/arm-none-eabi/7.2.1/thumb/v7-m/crtbegin.o
 .text          0x00000000       0x74 c:/ac6/systemworkbench/plugins/fr.ac6.mcu.externaltools.arm-none.win32_1.16.0.201807130628/tools/compiler/bin/../lib/gcc/arm-none-eabi/7.2.1/../../../../arm-none-eabi/lib/thumb/v7-m/crt0.o
 .data          0x00000000        0x0 c:/ac6/systemworkbench/plugins/fr.ac6.mcu.externaltools.arm-none.win32_1.16.0.201807130628/tools/compiler/bin/../lib/gcc/arm-none-eabi/7.2.1/../../../../arm-none-eabi/lib/thumb/v7-m/crt0.o
 .bss           0x00000000        0x0 c:/ac6/systemworkbench/plugins/fr.ac6.mcu.externaltools.arm-none.win32_1.16.0.201807130628/tools/compiler/bin/../lib/gcc/arm-none-eabi/7.2.1/../../../../arm-none-eabi/lib/thumb/v7-m/crt0.o
[...]
Memory Configuration

Name             Origin             Length             Attributes
RAM              0x20000000         0x00005000         xrw
FLASH            0x08000000         0x00010000         xr
*default*        0x00000000         0xffffffff

Linker script and memory map

LOAD c:/ac6/systemworkbench/plugins/fr.ac6.mcu.externaltools.arm-none.win32_1.16.0.201807130628/tools/compiler/bin/../lib/gcc/arm-none-eabi/7.2.1/thumb/v7-m/crti.o
LOAD c:/ac6/systemworkbench/plugins/fr.ac6.mcu.externaltools.arm-none.win32_1.16.0.201807130628/tools/compiler/bin/../lib/gcc/arm-none-eabi/7.2.1/thumb/v7-m/crtbegin.o
LOAD c:/ac6/systemworkbench/plugins/fr.ac6.mcu.externaltools.arm-none.win32_1.16.0.201807130628/tools/compiler/bin/../lib/gcc/arm-none-eabi/7.2.1/../../../../arm-none-eabi/lib/thumb/v7-m/crt0.o
LOAD Core/Src/led_status.o
LOAD Core/Src/main.o
LOAD Core/Src/pt_util.o
LOAD Core/Src/stm32f1xx_hal_msp.o
LOAD Core/Src/stm32f1xx_it.o
LOAD Core/Src/system_stm32f1xx.o
LOAD Core/Src/task_monitor.o
LOAD Core/Src/usb_comm.o
LOAD Drivers/STM32F1xx_HAL_Driver/Src/stm32f1xx_hal.o
LOAD Drivers/STM32F1xx_HAL_Driver/Src/stm32f1xx_hal_cortex.o
LOAD Drivers/STM32F1xx_HAL_Driver/Src/stm32f1xx_hal_dma.o
LOAD Drivers/STM32F1xx_HAL_Driver/Src/stm32f1xx_hal_flash.o
LOAD Drivers/STM32F1xx_HAL_Driver/Src/stm32f1xx_hal_flash_ex.o
LOAD Drivers/STM32F1xx_HAL_Driver/Src/stm32f1xx_hal_gpio.o
LOAD Drivers/STM32F1xx_HAL_Driver/Src/stm32f1xx_hal_gpio_ex.o
LOAD Drivers/STM32F1xx_HAL_Driver/Src/stm32f1xx_hal_pcd.o
LOAD Drivers/STM32F1xx_HAL_Driver/Src/stm32f1xx_hal_pcd_ex.o
LOAD Drivers/STM32F1xx_HAL_Driver/Src/stm32f1xx_hal_pwr.o
LOAD Drivers/STM32F1xx_HAL_Driver/Src/stm32f1xx_hal_rcc.o
LOAD Drivers/STM32F1xx_HAL_Driver/Src/stm32f1xx_hal_rcc_ex.o
LOAD Drivers/STM32F1xx_HAL_Driver/Src/stm32f1xx_hal_tim.o
LOAD Drivers/STM32F1xx_HAL_Driver/Src/stm32f1xx_hal_tim_ex.o
LOAD Drivers/STM32F1xx_HAL_Driver/Src/stm32f1xx_ll_usb.o
LOAD Middlewares/ST/STM32_USB_Device_Library/Class/CDC/Src/usbd_cdc.o
LOAD Middlewares/ST/STM32_USB_Device_Library/Core/Src/usbd_core.o
LOAD Middlewares/ST/STM32_USB_Device_Library/Core/Src/usbd_ctlreq.o
LOAD Middlewares/ST/STM32_USB_Device_Library/Core/Src/usbd_ioreq.o
LOAD USB_DEVICE/App/usb_device.o
LOAD USB_DEVICE/App/usbd_cdc_extension.o
LOAD USB_DEVICE/App/usbd_cdc_if.o
LOAD USB_DEVICE/App/usbd_desc.o
LOAD USB_DEVICE/Target/usbd_conf.o
LOAD startup/startup_stm32f103xb.o
LOAD c:/ac6/systemworkbench/plugins/fr.ac6.mcu.externaltools.arm-none.win32_1.16.0.201807130628/tools/compiler/bin/../lib/gcc/arm-none-eabi/7.2.1/../../../../arm-none-eabi/lib/thumb/v7-m\libm.a
START GROUP
LOAD c:/ac6/systemworkbench/plugins/fr.ac6.mcu.externaltools.arm-none.win32_1.16.0.201807130628/tools/compiler/bin/../lib/gcc/arm-none-eabi/7.2.1/thumb/v7-m\libgcc.a
LOAD c:/ac6/systemworkbench/plugins/fr.ac6.mcu.externaltools.arm-none.win32_1.16.0.201807130628/tools/compiler/bin/../lib/gcc/arm-none-eabi/7.2.1/../../../../arm-none-eabi/lib/thumb/v7-m\libc_nano.a
END GROUP
START GROUP
LOAD c:/ac6/systemworkbench/plugins/fr.ac6.mcu.externaltools.arm-none.win32_1.16.0.201807130628/tools/compiler/bin/../lib/gcc/arm-none-eabi/7.2.1/thumb/v7-m\libgcc.a
LOAD c:/ac6/systemworkbench/plugins/fr.ac6.mcu.externaltools.arm-none.win32_1.16.0.201807130628/tools/compiler/bin/../lib/gcc/arm-none-eabi/7.2.1/../../../../arm-none-eabi/lib/thumb/v7-m\libc_nano.a
LOAD c:/ac6/systemworkbench/plugins/fr.ac6.mcu.externaltools.arm-none.win32_1.16.0.201807130628/tools/compiler/bin/../lib/gcc/arm-none-eabi/7.2.1/../../../../arm-none-eabi/lib/thumb/v7-m\libnosys.a
END GROUP
START GROUP
LOAD c:/ac6/systemworkbench/plugins/fr.ac6.mcu.externaltools.arm-none.win32_1.16.0.201807130628/tools/compiler/bin/../lib/gcc/arm-none-eabi/7.2.1/thumb/v7-m\libgcc.a
LOAD c:/ac6/systemworkbench/plugins/fr.ac6.mcu.externaltools.arm-none.win32_1.16.0.201807130628/tools/compiler/bin/../lib/gcc/arm-none-eabi/7.2.1/../../../../arm-none-eabi/lib/thumb/v7-m\libc_nano.a
LOAD c:/ac6/systemworkbench/plugins/fr.ac6.mcu.externaltools.arm-none.win32_1.16.0.201807130628/tools/compiler/bin/../lib/gcc/arm-none-eabi/7.2.1/../../../../arm-none-eabi/lib/thumb/v7-m\libnosys.a
END GROUP
LOAD c:/ac6/systemworkbench/plugins/fr.ac6.mcu.externaltools.arm-none.win32_1.16.0.201807130628/tools/compiler/bin/../lib/gcc/arm-none-eabi/7.2.1/thumb/v7-m/crtend.o
LOAD c:/ac6/systemworkbench/plugins/fr.ac6.mcu.externaltools.arm-none.win32_1.16.0.201807130628/tools/compiler/bin/../lib/gcc/arm-none-eabi/7.2.1/thumb/v7-m/crtn.o
                0x20005000                _estack = 0x20005000
                0x00000200                _Min_Heap_Size = 0x200
                0x00000400                _Min_Stack_Size = 0x400

.isr_vector     0x08000000      0x10c
                0x08000000                . = ALIGN (0x4)
 *(.isr_vector)
 .isr_vector    0x08000000      0x10c startup/startup_stm32f103xb.o
                0x08000000                g_pfnVectors
                0x0800010c                . = ALIGN (0x4)

.text           0x0800010c     0x39a4
                0x0800010c                . = ALIGN (0x4)
 *(.text)
 .text          0x0800010c       0x40 c:/ac6/systemworkbench/plugins/fr.ac6.mcu.externaltools.arm-none.win32_1.16.0.201807130628/tools/compiler/bin/../lib/gcc/arm-none-eabi/7.2.1/thumb/v7-m/crtbegin.o
 *(.text*)
 .text.led_init
                0x0800014c       0x34 Core/Src/led_status.o
                0x0800014c                led_init
 .text.led_always
                0x08000180       0x20 Core/Src/led_status.o
                0x08000180                led_always
 .text.led_strobe
                0x080001a0       0x28 Core/Src/led_status.o
                0x080001a0                led_strobe
 .text.task_led_strobe
                0x080001c8       0xec Core/Src/led_status.o
                0x080001c8                task_led_strobe
 .text.MX_GPIO_Init
                0x080002b4       0x44 Core/Src/main.o
 .text.MX_DMA_Init
                0x080002f8       0x34 Core/Src/main.o
 .text.MX_NVIC_Init
                0x0800032c       0x14 Core/Src/main.o
 .text._Error_Handler
                0x08000340        0x2 Core/Src/main.o
                0x08000340                _Error_Handler
 *fill*         0x08000342        0x2 
 .text.MX_TIM2_Init
                0x08000344       0x8c Core/Src/main.o
 .text.MX_TIM3_Init
                0x080003d0       0x70 Core/Src/main.o
 .text.SystemClock_Config
                0x08000440       0x9c Core/Src/main.o
                0x08000440                SystemClock_Config
 .text.main     0x080004dc       0x4c Core/Src/main.o
                0x080004dc                main
 .text.pt_delay_tick
                0x08000528       0x32 Core/Src/pt_util.o
                0x08000528                pt_delay_tick
 *fill*         0x0800055a        0x2 
 .text.HAL_MspInit
                0x0800055c       0xa0 Core/Src/stm32f1xx_hal_msp.o
                0x0800055c                HAL_MspInit
 .text.HAL_TIM_Base_MspInit
                0x080005fc       0xa8 Core/Src/stm32f1xx_hal_msp.o
                0x080005fc                HAL_TIM_Base_MspInit
 .text.NMI_Handler
                0x080006a4        0x2 Core/Src/stm32f1xx_it.o
                0x080006a4                NMI_Handler
 .text.HardFault_Handler
                0x080006a6        0x2 Core/Src/stm32f1xx_it.o
                0x080006a6                HardFault_Handler
 .text.MemManage_Handler
                0x080006a8        0x2 Core/Src/stm32f1xx_it.o
                0x080006a8                MemManage_Handler
 .text.BusFault_Handler
                0x080006aa        0x2 Core/Src/stm32f1xx_it.o
                0x080006aa                BusFault_Handler
 .text.UsageFault_Handler
                0x080006ac        0x2 Core/Src/stm32f1xx_it.o
                0x080006ac                UsageFault_Handler
 .text.SVC_Handler
                0x080006ae        0x2 Core/Src/stm32f1xx_it.o
                0x080006ae                SVC_Handler
 .text.DebugMon_Handler
                0x080006b0        0x2 Core/Src/stm32f1xx_it.o
                0x080006b0                DebugMon_Handler
 .text.PendSV_Handler
                0x080006b2        0x2 Core/Src/stm32f1xx_it.o
                0x080006b2                PendSV_Handler
 .text.SysTick_Handler
                0x080006b4        0xc Core/Src/stm32f1xx_it.o
                0x080006b4                SysTick_Handler
 .text.DMA1_Channel2_IRQHandler
                0x080006c0       0x10 Core/Src/stm32f1xx_it.o
                0x080006c0                DMA1_Channel2_IRQHandler
 .text.USB_LP_CAN1_RX0_IRQHandler
                0x080006d0       0x10 Core/Src/stm32f1xx_it.o
                0x080006d0                USB_LP_CAN1_RX0_IRQHandler
 .text.TIM3_IRQHandler
                0x080006e0       0x10 Core/Src/stm32f1xx_it.o
                0x080006e0                TIM3_IRQHandler
 .text.SystemInit
                0x080006f0       0x4c Core/Src/system_stm32f1xx.o
                0x080006f0                SystemInit
 .text.update_cdc_state
                0x0800073c       0x20 Core/Src/task_monitor.o
                0x0800073c                update_cdc_state
 .text.task_monitor_cdc_connection
                0x0800075c       0xcc Core/Src/task_monitor.o
                0x0800075c                task_monitor_cdc_connection
 .text.usb_send_daemon
                0x08000828       0x64 Core/Src/usb_comm.o
                0x08000828                usb_send_daemon
 .text.HAL_InitTick
                0x0800088c       0x48 Drivers/STM32F1xx_HAL_Driver/Src/stm32f1xx_hal.o
                0x0800088c                HAL_InitTick
 .text.HAL_Init
                0x080008d4       0x24 Drivers/STM32F1xx_HAL_Driver/Src/stm32f1xx_hal.o
                0x080008d4                HAL_Init
 .text.HAL_IncTick
                0x080008f8       0x18 Drivers/STM32F1xx_HAL_Driver/Src/stm32f1xx_hal.o
                0x080008f8                HAL_IncTick
 .text.HAL_GetTick
                0x08000910        0xc Drivers/STM32F1xx_HAL_Driver/Src/stm32f1xx_hal.o
                0x08000910                HAL_GetTick
 .text.HAL_NVIC_SetPriorityGrouping
                0x0800091c       0x24 Drivers/STM32F1xx_HAL_Driver/Src/stm32f1xx_hal_cortex.o
                0x0800091c                HAL_NVIC_SetPriorityGrouping
 .text.HAL_NVIC_SetPriority
                0x08000940       0x68 Drivers/STM32F1xx_HAL_Driver/Src/stm32f1xx_hal_cortex.o
                0x08000940                HAL_NVIC_SetPriority
 .text.HAL_NVIC_EnableIRQ
                0x080009a8       0x18 Drivers/STM32F1xx_HAL_Driver/Src/stm32f1xx_hal_cortex.o
                0x080009a8                HAL_NVIC_EnableIRQ
 .text.HAL_SYSTICK_Config
                0x080009c0       0x2c Drivers/STM32F1xx_HAL_Driver/Src/stm32f1xx_hal_cortex.o
                0x080009c0                HAL_SYSTICK_Config
 .text.HAL_SYSTICK_CLKSourceConfig
                0x080009ec       0x20 Drivers/STM32F1xx_HAL_Driver/Src/stm32f1xx_hal_cortex.o
                0x080009ec                HAL_SYSTICK_CLKSourceConfig
 .text.HAL_SYSTICK_Callback
                0x08000a0c        0x2 Drivers/STM32F1xx_HAL_Driver/Src/stm32f1xx_hal_cortex.o
                0x08000a0c                HAL_SYSTICK_Callback
 .text.HAL_SYSTICK_IRQHandler
                0x08000a0e        0x8 Drivers/STM32F1xx_HAL_Driver/Src/stm32f1xx_hal_cortex.o
                0x08000a0e                HAL_SYSTICK_IRQHandler
 *fill*         0x08000a16        0x2 
 .text.HAL_DMA_Init
                0x08000a18       0x78 Drivers/STM32F1xx_HAL_Driver/Src/stm32f1xx_hal_dma.o
                0x08000a18                HAL_DMA_Init
 .text.HAL_DMA_IRQHandler
                0x08000a90      0x144 Drivers/STM32F1xx_HAL_Driver/Src/stm32f1xx_hal_dma.o
                0x08000a90                HAL_DMA_IRQHandler
 .text.HAL_GPIO_Init
                0x08000bd4      0x1d4 Drivers/STM32F1xx_HAL_Driver/Src/stm32f1xx_hal_gpio.o
                0x08000bd4                HAL_GPIO_Init
 .text.HAL_GPIO_WritePin
                0x08000da8        0xc Drivers/STM32F1xx_HAL_Driver/Src/stm32f1xx_hal_gpio.o
                0x08000da8                HAL_GPIO_WritePin
 .text.HAL_PCD_Init
                0x08000db4       0xd6 Drivers/STM32F1xx_HAL_Driver/Src/stm32f1xx_hal_pcd.o
                0x08000db4                HAL_PCD_Init
 .text.HAL_PCD_Start
                0x08000e8a       0x2e Drivers/STM32F1xx_HAL_Driver/Src/stm32f1xx_hal_pcd.o
                0x08000e8a                HAL_PCD_Start
 .text.HAL_PCD_SetAddress
                0x08000eb8       0x28 Drivers/STM32F1xx_HAL_Driver/Src/stm32f1xx_hal_pcd.o
                0x08000eb8                HAL_PCD_SetAddress
 .text.HAL_PCD_EP_Open
                0x08000ee0       0x52 Drivers/STM32F1xx_HAL_Driver/Src/stm32f1xx_hal_pcd.o
                0x08000ee0                HAL_PCD_EP_Open
 .text.HAL_PCD_EP_Close
                0x08000f32       0x4e Drivers/STM32F1xx_HAL_Driver/Src/stm32f1xx_hal_pcd.o
                0x08000f32                HAL_PCD_EP_Close
 .text.HAL_PCD_EP_Receive
                0x08000f80       0x3e Drivers/STM32F1xx_HAL_Driver/Src/stm32f1xx_hal_pcd.o
                0x08000f80                HAL_PCD_EP_Receive
 .text.HAL_PCD_EP_GetRxCount
                0x08000fbe        0xe Drivers/STM32F1xx_HAL_Driver/Src/stm32f1xx_hal_pcd.o
                0x08000fbe                HAL_PCD_EP_GetRxCount
 .text.HAL_PCD_EP_Transmit
                0x08000fcc       0x3c Drivers/STM32F1xx_HAL_Driver/Src/stm32f1xx_hal_pcd.o
                0x08000fcc                HAL_PCD_EP_Transmit
 .text.PCD_EP_ISR_Handler
                0x08001008      0x444 Drivers/STM32F1xx_HAL_Driver/Src/stm32f1xx_hal_pcd.o
 .text.HAL_PCD_IRQHandler
                0x0800144c      0x160 Drivers/STM32F1xx_HAL_Driver/Src/stm32f1xx_hal_pcd.o
                0x0800144c                HAL_PCD_IRQHandler
 .text.HAL_PCD_EP_SetStall
                0x080015ac       0x5c Drivers/STM32F1xx_HAL_Driver/Src/stm32f1xx_hal_pcd.o
                0x080015ac                HAL_PCD_EP_SetStall
 .text.HAL_PCD_EP_ClrStall
                0x08001608       0x4e Drivers/STM32F1xx_HAL_Driver/Src/stm32f1xx_hal_pcd.o
                0x08001608                HAL_PCD_EP_ClrStall
 .text.HAL_PCDEx_PMAConfig
                0x08001656       0x30 Drivers/STM32F1xx_HAL_Driver/Src/stm32f1xx_hal_pcd_ex.o
                0x08001656                HAL_PCDEx_PMAConfig
 *fill*         0x08001686        0x2 
 .text.RCC_Delay
                0x08001688       0x2c Drivers/STM32F1xx_HAL_Driver/Src/stm32f1xx_hal_rcc.o
 .text.HAL_RCC_OscConfig
                0x080016b4      0x3dc Drivers/STM32F1xx_HAL_Driver/Src/stm32f1xx_hal_rcc.o
                0x080016b4                HAL_RCC_OscConfig
 .text.HAL_RCC_GetSysClockFreq
                0x08001a90       0x70 Drivers/STM32F1xx_HAL_Driver/Src/stm32f1xx_hal_rcc.o
                0x08001a90                HAL_RCC_GetSysClockFreq
 .text.HAL_RCC_ClockConfig
                0x08001b00      0x178 Drivers/STM32F1xx_HAL_Driver/Src/stm32f1xx_hal_rcc.o
                0x08001b00                HAL_RCC_ClockConfig
 .text.HAL_RCC_GetHCLKFreq
                0x08001c78        0xc Drivers/STM32F1xx_HAL_Driver/Src/stm32f1xx_hal_rcc.o
                0x08001c78                HAL_RCC_GetHCLKFreq
 .text.HAL_RCCEx_PeriphCLKConfig
                0x08001c84      0x114 Drivers/STM32F1xx_HAL_Driver/Src/stm32f1xx_hal_rcc_ex.o
                0x08001c84                HAL_RCCEx_PeriphCLKConfig
 .text.TIM_TI1_ConfigInputStage
                0x08001d98       0x24 Drivers/STM32F1xx_HAL_Driver/Src/stm32f1xx_hal_tim.o
 .text.TIM_TI2_ConfigInputStage
                0x08001dbc       0x26 Drivers/STM32F1xx_HAL_Driver/Src/stm32f1xx_hal_tim.o
 .text.TIM_ITRx_SetConfig
                0x08001de2       0x10 Drivers/STM32F1xx_HAL_Driver/Src/stm32f1xx_hal_tim.o
 .text.TIM_ETR_SetConfig
                0x08001df2       0x16 Drivers/STM32F1xx_HAL_Driver/Src/stm32f1xx_hal_tim.o
 .text.TIM_SlaveTimer_SetConfig
                0x08001e08       0x74 Drivers/STM32F1xx_HAL_Driver/Src/stm32f1xx_hal_tim.o
 .text.HAL_TIM_ConfigClockSource
                0x08001e7c      0x108 Drivers/STM32F1xx_HAL_Driver/Src/stm32f1xx_hal_tim.o
                0x08001e7c                HAL_TIM_ConfigClockSource
 .text.HAL_TIM_SlaveConfigSynchronization
                0x08001f84       0x40 Drivers/STM32F1xx_HAL_Driver/Src/stm32f1xx_hal_tim.o
                0x08001f84                HAL_TIM_SlaveConfigSynchronization
 .text.HAL_TIM_PeriodElapsedCallback
                0x08001fc4        0x2 Drivers/STM32F1xx_HAL_Driver/Src/stm32f1xx_hal_tim.o
                0x08001fc4                HAL_TIM_PeriodElapsedCallback
 .text.HAL_TIM_OC_DelayElapsedCallback
                0x08001fc6        0x2 Drivers/STM32F1xx_HAL_Driver/Src/stm32f1xx_hal_tim.o
                0x08001fc6                HAL_TIM_OC_DelayElapsedCallback
 .text.HAL_TIM_IC_CaptureCallback
                0x08001fc8        0x2 Drivers/STM32F1xx_HAL_Driver/Src/stm32f1xx_hal_tim.o
                0x08001fc8                HAL_TIM_IC_CaptureCallback
 .text.HAL_TIM_PWM_PulseFinishedCallback
                0x08001fca        0x2 Drivers/STM32F1xx_HAL_Driver/Src/stm32f1xx_hal_tim.o
                0x08001fca                HAL_TIM_PWM_PulseFinishedCallback
 .text.HAL_TIM_TriggerCallback
                0x08001fcc        0x2 Drivers/STM32F1xx_HAL_Driver/Src/stm32f1xx_hal_tim.o
                0x08001fcc                HAL_TIM_TriggerCallback
 .text.HAL_TIM_IRQHandler
                0x08001fce      0x17a Drivers/STM32F1xx_HAL_Driver/Src/stm32f1xx_hal_tim.o
                0x08001fce                HAL_TIM_IRQHandler
 .text.TIM_Base_SetConfig
                0x08002148       0x74 Drivers/STM32F1xx_HAL_Driver/Src/stm32f1xx_hal_tim.o
                0x08002148                TIM_Base_SetConfig
 .text.HAL_TIM_Base_Init
                0x080021bc       0x32 Drivers/STM32F1xx_HAL_Driver/Src/stm32f1xx_hal_tim.o
                0x080021bc                HAL_TIM_Base_Init
 .text.HAL_TIMEx_MasterConfigSynchronization
                0x080021ee       0x52 Drivers/STM32F1xx_HAL_Driver/Src/stm32f1xx_hal_tim_ex.o
                0x080021ee                HAL_TIMEx_MasterConfigSynchronization
 .text.HAL_TIMEx_CommutationCallback
                0x08002240        0x2 Drivers/STM32F1xx_HAL_Driver/Src/stm32f1xx_hal_tim_ex.o
                0x08002240                HAL_TIMEx_CommutationCallback
 .text.HAL_TIMEx_BreakCallback
                0x08002242        0x2 Drivers/STM32F1xx_HAL_Driver/Src/stm32f1xx_hal_tim_ex.o
                0x08002242                HAL_TIMEx_BreakCallback
 .text.USB_CoreInit
                0x08002244        0xe Drivers/STM32F1xx_HAL_Driver/Src/stm32f1xx_ll_usb.o
                0x08002244                USB_CoreInit
 .text.USB_EnableGlobalInt
                0x08002252       0x10 Drivers/STM32F1xx_HAL_Driver/Src/stm32f1xx_ll_usb.o
                0x08002252                USB_EnableGlobalInt
 .text.USB_DisableGlobalInt
                0x08002262       0x14 Drivers/STM32F1xx_HAL_Driver/Src/stm32f1xx_ll_usb.o
                0x08002262                USB_DisableGlobalInt
 .text.USB_SetCurrentMode
                0x08002276        0x4 Drivers/STM32F1xx_HAL_Driver/Src/stm32f1xx_ll_usb.o
                0x08002276                USB_SetCurrentMode
 .text.USB_DevInit
                0x0800227a       0x2c Drivers/STM32F1xx_HAL_Driver/Src/stm32f1xx_ll_usb.o
                0x0800227a                USB_DevInit
 .text.USB_ActivateEndpoint
                0x080022a6      0x328 Drivers/STM32F1xx_HAL_Driver/Src/stm32f1xx_ll_usb.o
                0x080022a6                USB_ActivateEndpoint
 .text.USB_DeactivateEndpoint
                0x080025ce      0x1c4 Drivers/STM32F1xx_HAL_Driver/Src/stm32f1xx_ll_usb.o
                0x080025ce                USB_DeactivateEndpoint
 .text.USB_EPSetStall
                0x08002792       0x6e Drivers/STM32F1xx_HAL_Driver/Src/stm32f1xx_ll_usb.o
                0x08002792                USB_EPSetStall
 .text.USB_EPClearStall
                0x08002800       0x92 Drivers/STM32F1xx_HAL_Driver/Src/stm32f1xx_ll_usb.o
                0x08002800                USB_EPClearStall
 .text.USB_SetDevAddress
                0x08002892        0xc Drivers/STM32F1xx_HAL_Driver/Src/stm32f1xx_ll_usb.o
                0x08002892                USB_SetDevAddress
 .text.USB_DevConnect
                0x0800289e        0x4 Drivers/STM32F1xx_HAL_Driver/Src/stm32f1xx_ll_usb.o
                0x0800289e                USB_DevConnect
 .text.USB_DevDisconnect
                0x080028a2        0x4 Drivers/STM32F1xx_HAL_Driver/Src/stm32f1xx_ll_usb.o
                0x080028a2                USB_DevDisconnect
 .text.USB_ReadInterrupts
                0x080028a6        0x6 Drivers/STM32F1xx_HAL_Driver/Src/stm32f1xx_ll_usb.o
                0x080028a6                USB_ReadInterrupts
 .text.USB_EP0_OutStart
                0x080028ac        0x4 Drivers/STM32F1xx_HAL_Driver/Src/stm32f1xx_ll_usb.o
                0x080028ac                USB_EP0_OutStart
 .text.USB_WritePMA
                0x080028b0       0x2a Drivers/STM32F1xx_HAL_Driver/Src/stm32f1xx_ll_usb.o
                0x080028b0                USB_WritePMA
 .text.USB_EPStartXfer
                0x080028da      0x2ba Drivers/STM32F1xx_HAL_Driver/Src/stm32f1xx_ll_usb.o
                0x080028da                USB_EPStartXfer
 .text.USB_ReadPMA
                0x08002b94       0x1e Drivers/STM32F1xx_HAL_Driver/Src/stm32f1xx_ll_usb.o
                0x08002b94                USB_ReadPMA
 .text.USBD_CDC_DataIn
                0x08002bb2       0x12 Middlewares/ST/STM32_USB_Device_Library/Class/CDC/Src/usbd_cdc.o
 .text.USBD_CDC_EP0_RxReady
                0x08002bc4       0x28 Middlewares/ST/STM32_USB_Device_Library/Class/CDC/Src/usbd_cdc.o
 .text.USBD_CDC_GetFSCfgDesc
                0x08002bec        0xc Middlewares/ST/STM32_USB_Device_Library/Class/CDC/Src/usbd_cdc.o
 .text.USBD_CDC_GetHSCfgDesc
                0x08002bf8        0xc Middlewares/ST/STM32_USB_Device_Library/Class/CDC/Src/usbd_cdc.o
 .text.USBD_CDC_GetOtherSpeedCfgDesc
                0x08002c04        0xc Middlewares/ST/STM32_USB_Device_Library/Class/CDC/Src/usbd_cdc.o
 .text.USBD_CDC_GetDeviceQualifierDescriptor
                0x08002c10        0xc Middlewares/ST/STM32_USB_Device_Library/Class/CDC/Src/usbd_cdc.o
                0x08002c10                USBD_CDC_GetDeviceQualifierDescriptor
 .text.USBD_CDC_DataOut
                0x08002c1c       0x2e Middlewares/ST/STM32_USB_Device_Library/Class/CDC/Src/usbd_cdc.o
 *fill*         0x08002c4a        0x2 
 .text.USBD_CDC_Setup
                0x08002c4c       0x74 Middlewares/ST/STM32_USB_Device_Library/Class/CDC/Src/usbd_cdc.o
 .text.USBD_CDC_DeInit
                0x08002cc0       0x3a Middlewares/ST/STM32_USB_Device_Library/Class/CDC/Src/usbd_cdc.o
 .text.USBD_CDC_Init
                0x08002cfa       0x96 Middlewares/ST/STM32_USB_Device_Library/Class/CDC/Src/usbd_cdc.o
 .text.USBD_CDC_RegisterInterface
                0x08002d90        0xe Middlewares/ST/STM32_USB_Device_Library/Class/CDC/Src/usbd_cdc.o
                0x08002d90                USBD_CDC_RegisterInterface
 .text.USBD_CDC_SetTxBuffer
                0x08002d9e       0x10 Middlewares/ST/STM32_USB_Device_Library/Class/CDC/Src/usbd_cdc.o
                0x08002d9e                USBD_CDC_SetTxBuffer
 .text.USBD_CDC_SetRxBuffer
                0x08002dae        0xc Middlewares/ST/STM32_USB_Device_Library/Class/CDC/Src/usbd_cdc.o
                0x08002dae                USBD_CDC_SetRxBuffer
 .text.USBD_CDC_TransmitPacket
                0x08002dba       0x2e Middlewares/ST/STM32_USB_Device_Library/Class/CDC/Src/usbd_cdc.o
                0x08002dba                USBD_CDC_TransmitPacket
 .text.USBD_CDC_ReceivePacket
                0x08002de8       0x32 Middlewares/ST/STM32_USB_Device_Library/Class/CDC/Src/usbd_cdc.o
                0x08002de8                USBD_CDC_ReceivePacket
 .text.USBD_Init
                0x08002e1a       0x2e Middlewares/ST/STM32_USB_Device_Library/Core/Src/usbd_core.o
                0x08002e1a                USBD_Init
 .text.USBD_RegisterClass
                0x08002e48        0xe Middlewares/ST/STM32_USB_Device_Library/Core/Src/usbd_core.o
                0x08002e48                USBD_RegisterClass
 .text.USBD_Start
                0x08002e56        0xa Middlewares/ST/STM32_USB_Device_Library/Core/Src/usbd_core.o
                0x08002e56                USBD_Start
 .text.USBD_SetClassConfig
                0x08002e60       0x1a Middlewares/ST/STM32_USB_Device_Library/Core/Src/usbd_core.o
                0x08002e60                USBD_SetClassConfig
 .text.USBD_ClrClassConfig
                0x08002e7a        0xe Middlewares/ST/STM32_USB_Device_Library/Core/Src/usbd_core.o
                0x08002e7a                USBD_ClrClassConfig
 .text.USBD_LL_SetupStage
                0x08002e88       0x5a Middlewares/ST/STM32_USB_Device_Library/Core/Src/usbd_core.o
                0x08002e88                USBD_LL_SetupStage
 .text.USBD_LL_DataOutStage
                0x08002ee2       0x6a Middlewares/ST/STM32_USB_Device_Library/Core/Src/usbd_core.o
                0x08002ee2                USBD_LL_DataOutStage
 .text.USBD_LL_DataInStage
                0x08002f4c       0xb0 Middlewares/ST/STM32_USB_Device_Library/Core/Src/usbd_core.o
                0x08002f4c                USBD_LL_DataInStage
 .text.USBD_LL_Reset
                0x08002ffc       0x3e Middlewares/ST/STM32_USB_Device_Library/Core/Src/usbd_core.o
                0x08002ffc                USBD_LL_Reset
 .text.USBD_LL_SetSpeed
                0x0800303a        0x6 Middlewares/ST/STM32_USB_Device_Library/Core/Src/usbd_core.o
                0x0800303a                USBD_LL_SetSpeed
 .text.USBD_LL_Suspend
                0x08003040       0x12 Middlewares/ST/STM32_USB_Device_Library/Core/Src/usbd_core.o
                0x08003040                USBD_LL_Suspend
 .text.USBD_LL_Resume
                0x08003052        0xc Middlewares/ST/STM32_USB_Device_Library/Core/Src/usbd_core.o
                0x08003052                USBD_LL_Resume
 .text.USBD_LL_SOF
                0x0800305e       0x1c Middlewares/ST/STM32_USB_Device_Library/Core/Src/usbd_core.o
                0x0800305e                USBD_LL_SOF
 .text.USBD_GetLen
                0x0800307a       0x14 Middlewares/ST/STM32_USB_Device_Library/Core/Src/usbd_ctlreq.o
 .text.USBD_SetFeature
                0x0800308e       0x20 Middlewares/ST/STM32_USB_Device_Library/Core/Src/usbd_ctlreq.o
 .text.USBD_ParseSetupRequest
                0x080030ae       0x28 Middlewares/ST/STM32_USB_Device_Library/Core/Src/usbd_ctlreq.o
                0x080030ae                USBD_ParseSetupRequest
 .text.USBD_CtlError
                0x080030d6       0x14 Middlewares/ST/STM32_USB_Device_Library/Core/Src/usbd_ctlreq.o
                0x080030d6                USBD_CtlError
 .text.USBD_GetDescriptor
                0x080030ea      0x132 Middlewares/ST/STM32_USB_Device_Library/Core/Src/usbd_ctlreq.o
 .text.USBD_SetAddress
                0x0800321c       0x4a Middlewares/ST/STM32_USB_Device_Library/Core/Src/usbd_ctlreq.o
 *fill*         0x08003266        0x2 
 .text.USBD_SetConfig
                0x08003268       0xa4 Middlewares/ST/STM32_USB_Device_Library/Core/Src/usbd_ctlreq.o
 .text.USBD_GetConfig
                0x0800330c       0x3a Middlewares/ST/STM32_USB_Device_Library/Core/Src/usbd_ctlreq.o
 .text.USBD_GetStatus
                0x08003346       0x2c Middlewares/ST/STM32_USB_Device_Library/Core/Src/usbd_ctlreq.o
 .text.USBD_ClrFeature
                0x08003372       0x30 Middlewares/ST/STM32_USB_Device_Library/Core/Src/usbd_ctlreq.o
 .text.USBD_StdDevReq
                0x080033a2       0x48 Middlewares/ST/STM32_USB_Device_Library/Core/Src/usbd_ctlreq.o
                0x080033a2                USBD_StdDevReq
 .text.USBD_StdItfReq
                0x080033ea       0x38 Middlewares/ST/STM32_USB_Device_Library/Core/Src/usbd_ctlreq.o
                0x080033ea                USBD_StdItfReq
 .text.USBD_StdEPReq
                0x08003422      0x118 Middlewares/ST/STM32_USB_Device_Library/Core/Src/usbd_ctlreq.o
                0x08003422                USBD_StdEPReq
 .text.USBD_GetString
                0x0800353a       0x3a Middlewares/ST/STM32_USB_Device_Library/Core/Src/usbd_ctlreq.o
                0x0800353a                USBD_GetString
 .text.USBD_CtlSendData
                0x08003574       0x1a Middlewares/ST/STM32_USB_Device_Library/Core/Src/usbd_ioreq.o
                0x08003574                USBD_CtlSendData
 .text.USBD_CtlContinueSendData
                0x0800358e       0x10 Middlewares/ST/STM32_USB_Device_Library/Core/Src/usbd_ioreq.o
                0x0800358e                USBD_CtlContinueSendData
 .text.USBD_CtlPrepareRx
                0x0800359e       0x1e Middlewares/ST/STM32_USB_Device_Library/Core/Src/usbd_ioreq.o
                0x0800359e                USBD_CtlPrepareRx
 .text.USBD_CtlContinueRx
                0x080035bc       0x10 Middlewares/ST/STM32_USB_Device_Library/Core/Src/usbd_ioreq.o
                0x080035bc                USBD_CtlContinueRx
 .text.USBD_CtlSendStatus
                0x080035cc       0x16 Middlewares/ST/STM32_USB_Device_Library/Core/Src/usbd_ioreq.o
                0x080035cc                USBD_CtlSendStatus
 .text.USBD_CtlReceiveStatus
                0x080035e2       0x16 Middlewares/ST/STM32_USB_Device_Library/Core/Src/usbd_ioreq.o
                0x080035e2                USBD_CtlReceiveStatus
 .text.MX_USB_DEVICE_Init
                0x080035f8       0x38 USB_DEVICE/App/usb_device.o
                0x080035f8                MX_USB_DEVICE_Init
 .text.CDC_DeInit_FS
                0x08003630        0x4 USB_DEVICE/App/usbd_cdc_if.o
 .text.CDC_Control_FS
                0x08003634        0x4 USB_DEVICE/App/usbd_cdc_if.o
 .text.CDC_Receive_FS
                0x08003638       0x1c USB_DEVICE/App/usbd_cdc_if.o
 .text.CDC_Init_FS
                0x08003654       0x28 USB_DEVICE/App/usbd_cdc_if.o
 .text.CDC_Transmit_FS
                0x0800367c       0x2c USB_DEVICE/App/usbd_cdc_if.o
                0x0800367c                CDC_Transmit_FS
 .text.USBD_FS_DeviceDescriptor
                0x080036a8        0xc USB_DEVICE/App/usbd_desc.o
                0x080036a8                USBD_FS_DeviceDescriptor
 .text.USBD_FS_LangIDStrDescriptor
                0x080036b4        0xc USB_DEVICE/App/usbd_desc.o
                0x080036b4                USBD_FS_LangIDStrDescriptor
 .text.USBD_FS_ProductStrDescriptor
                0x080036c0       0x24 USB_DEVICE/App/usbd_desc.o
                0x080036c0                USBD_FS_ProductStrDescriptor
 .text.USBD_FS_ManufacturerStrDescriptor
                0x080036e4       0x1c USB_DEVICE/App/usbd_desc.o
                0x080036e4                USBD_FS_ManufacturerStrDescriptor
 .text.USBD_FS_SerialStrDescriptor
                0x08003700       0x24 USB_DEVICE/App/usbd_desc.o
                0x08003700                USBD_FS_SerialStrDescriptor
 .text.USBD_FS_ConfigStrDescriptor
                0x08003724       0x24 USB_DEVICE/App/usbd_desc.o
                0x08003724                USBD_FS_ConfigStrDescriptor
 .text.USBD_FS_InterfaceStrDescriptor
                0x08003748       0x24 USB_DEVICE/App/usbd_desc.o
                0x08003748                USBD_FS_InterfaceStrDescriptor
 .text.HAL_PCD_MspInit
                0x0800376c       0x40 USB_DEVICE/Target/usbd_conf.o
                0x0800376c                HAL_PCD_MspInit
 .text.HAL_PCD_SetupStageCallback
                0x080037ac       0x10 USB_DEVICE/Target/usbd_conf.o
                0x080037ac                HAL_PCD_SetupStageCallback
 .text.HAL_PCD_DataOutStageCallback
                0x080037bc       0x14 USB_DEVICE/Target/usbd_conf.o
                0x080037bc                HAL_PCD_DataOutStageCallback
 .text.HAL_PCD_DataInStageCallback
                0x080037d0       0x12 USB_DEVICE/Target/usbd_conf.o
                0x080037d0                HAL_PCD_DataInStageCallback
 .text.HAL_PCD_SOFCallback
                0x080037e2        0xc USB_DEVICE/Target/usbd_conf.o
                0x080037e2                HAL_PCD_SOFCallback
 .text.HAL_PCD_ResetCallback
                0x080037ee       0x18 USB_DEVICE/Target/usbd_conf.o
                0x080037ee                HAL_PCD_ResetCallback
 *fill*         0x08003806        0x2 
 .text.HAL_PCD_SuspendCallback
                0x08003808       0x20 USB_DEVICE/Target/usbd_conf.o
                0x08003808                HAL_PCD_SuspendCallback
 .text.HAL_PCD_ResumeCallback
                0x08003828        0xc USB_DEVICE/Target/usbd_conf.o
                0x08003828                HAL_PCD_ResumeCallback
 .text.USBD_LL_Init
                0x08003834       0x94 USB_DEVICE/Target/usbd_conf.o
                0x08003834                USBD_LL_Init
 .text.USBD_LL_Start
                0x080038c8       0x1c USB_DEVICE/Target/usbd_conf.o
                0x080038c8                USBD_LL_Start
 .text.USBD_LL_OpenEP
                0x080038e4       0x22 USB_DEVICE/Target/usbd_conf.o
                0x080038e4                USBD_LL_OpenEP
 .text.USBD_LL_CloseEP
                0x08003906       0x1c USB_DEVICE/Target/usbd_conf.o
                0x08003906                USBD_LL_CloseEP
 .text.USBD_LL_StallEP
                0x08003922       0x1c USB_DEVICE/Target/usbd_conf.o
                0x08003922                USBD_LL_StallEP
 .text.USBD_LL_ClearStallEP
                0x0800393e       0x1c USB_DEVICE/Target/usbd_conf.o
                0x0800393e                USBD_LL_ClearStallEP
 .text.USBD_LL_IsStallEP
                0x0800395a       0x26 USB_DEVICE/Target/usbd_conf.o
                0x0800395a                USBD_LL_IsStallEP
 .text.USBD_LL_SetUSBAddress
                0x08003980       0x1c USB_DEVICE/Target/usbd_conf.o
                0x08003980                USBD_LL_SetUSBAddress
 .text.USBD_LL_Transmit
                0x0800399c       0x1c USB_DEVICE/Target/usbd_conf.o
                0x0800399c                USBD_LL_Transmit
 .text.USBD_LL_PrepareReceive
                0x080039b8       0x1c USB_DEVICE/Target/usbd_conf.o
                0x080039b8                USBD_LL_PrepareReceive
 .text.USBD_LL_GetRxDataSize
                0x080039d4        0xc USB_DEVICE/Target/usbd_conf.o
                0x080039d4                USBD_LL_GetRxDataSize
 .text.USBD_static_malloc
                0x080039e0        0x8 USB_DEVICE/Target/usbd_conf.o
                0x080039e0                USBD_static_malloc
 .text.USBD_static_free
                0x080039e8        0x2 USB_DEVICE/Target/usbd_conf.o
                0x080039e8                USBD_static_free
 .text.HAL_PCDEx_SetConnectionState
                0x080039ea        0x2 USB_DEVICE/Target/usbd_conf.o
                0x080039ea                HAL_PCDEx_SetConnectionState
 .text.Reset_Handler
                0x080039ec       0x48 startup/startup_stm32f103xb.o
                0x080039ec                Reset_Handler
 .text.Default_Handler
                0x08003a34        0x2 startup/startup_stm32f103xb.o
                0x08003a34                RTC_Alarm_IRQHandler
                0x08003a34                EXTI2_IRQHandler
                0x08003a34                TIM1_CC_IRQHandler
                0x08003a34                PVD_IRQHandler
                0x08003a34                EXTI3_IRQHandler
                0x08003a34                EXTI0_IRQHandler
                0x08003a34                I2C2_EV_IRQHandler
                0x08003a34                ADC1_2_IRQHandler
                0x08003a34                SPI1_IRQHandler
                0x08003a34                TAMPER_IRQHandler
                0x08003a34                DMA1_Channel4_IRQHandler
                0x08003a34                USART3_IRQHandler
                0x08003a34                RTC_IRQHandler
                0x08003a34                DMA1_Channel7_IRQHandler
                0x08003a34                CAN1_RX1_IRQHandler
                0x08003a34                TIM4_IRQHandler
                0x08003a34                I2C1_EV_IRQHandler
                0x08003a34                DMA1_Channel6_IRQHandler
                0x08003a34                RCC_IRQHandler
                0x08003a34                TIM1_TRG_COM_IRQHandler
                0x08003a34                DMA1_Channel1_IRQHandler
                0x08003a34                Default_Handler
                0x08003a34                EXTI15_10_IRQHandler
                0x08003a34                EXTI9_5_IRQHandler
                0x08003a34                SPI2_IRQHandler
                0x08003a34                DMA1_Channel5_IRQHandler
                0x08003a34                EXTI4_IRQHandler
                0x08003a34                USB_HP_CAN1_TX_IRQHandler
                0x08003a34                DMA1_Channel3_IRQHandler
                0x08003a34                TIM1_UP_IRQHandler
                0x08003a34                WWDG_IRQHandler
                0x08003a34                TIM2_IRQHandler
                0x08003a34                TIM1_BRK_IRQHandler
                0x08003a34                EXTI1_IRQHandler
                0x08003a34                USART2_IRQHandler
                0x08003a34                I2C2_ER_IRQHandler
                0x08003a34                CAN1_SCE_IRQHandler
                0x08003a34                FLASH_IRQHandler
                0x08003a34                USART1_IRQHandler
                0x08003a34                I2C1_ER_IRQHandler
                0x08003a34                USBWakeUp_IRQHandler
 *fill*         0x08003a36        0x2 
 .text.__libc_init_array
                0x08003a38       0x48 c:/ac6/systemworkbench/plugins/fr.ac6.mcu.externaltools.arm-none.win32_1.16.0.201807130628/tools/compiler/bin/../lib/gcc/arm-none-eabi/7.2.1/../../../../arm-none-eabi/lib/thumb/v7-m\libc_nano.a(lib_a-init.o)
                0x08003a38                __libc_init_array
 .text.memcpy   0x08003a80       0x16 c:/ac6/systemworkbench/plugins/fr.ac6.mcu.externaltools.arm-none.win32_1.16.0.201807130628/tools/compiler/bin/../lib/gcc/arm-none-eabi/7.2.1/../../../../arm-none-eabi/lib/thumb/v7-m\libc_nano.a(lib_a-memcpy-stub.o)
                0x08003a80                memcpy
 *(.glue_7)
 .glue_7        0x08003a96        0x0 linker stubs
 *(.glue_7t)
 .glue_7t       0x08003a96        0x0 linker stubs
 *(.eh_frame)
 *fill*         0x08003a96        0x2 
 .eh_frame      0x08003a98        0x0 c:/ac6/systemworkbench/plugins/fr.ac6.mcu.externaltools.arm-none.win32_1.16.0.201807130628/tools/compiler/bin/../lib/gcc/arm-none-eabi/7.2.1/thumb/v7-m/crtbegin.o
 *(.init)
 .init          0x08003a98        0x4 c:/ac6/systemworkbench/plugins/fr.ac6.mcu.externaltools.arm-none.win32_1.16.0.201807130628/tools/compiler/bin/../lib/gcc/arm-none-eabi/7.2.1/thumb/v7-m/crti.o
                0x08003a98                _init
 .init          0x08003a9c        0x8 c:/ac6/systemworkbench/plugins/fr.ac6.mcu.externaltools.arm-none.win32_1.16.0.201807130628/tools/compiler/bin/../lib/gcc/arm-none-eabi/7.2.1/thumb/v7-m/crtn.o
 *(.fini)
 .fini          0x08003aa4        0x4 c:/ac6/systemworkbench/plugins/fr.ac6.mcu.externaltools.arm-none.win32_1.16.0.201807130628/tools/compiler/bin/../lib/gcc/arm-none-eabi/7.2.1/thumb/v7-m/crti.o
                0x08003aa4                _fini
 .fini          0x08003aa8        0x8 c:/ac6/systemworkbench/plugins/fr.ac6.mcu.externaltools.arm-none.win32_1.16.0.201807130628/tools/compiler/bin/../lib/gcc/arm-none-eabi/7.2.1/thumb/v7-m/crtn.o
                0x08003ab0                . = ALIGN (0x4)
                0x08003ab0                _etext = .

.vfp11_veneer   0x08003ab0        0x0
 .vfp11_veneer  0x08003ab0        0x0 linker stubs

.v4_bx          0x08003ab0        0x0
 .v4_bx         0x08003ab0        0x0 linker stubs

.iplt           0x08003ab0        0x0
 .iplt          0x08003ab0        0x0 c:/ac6/systemworkbench/plugins/fr.ac6.mcu.externaltools.arm-none.win32_1.16.0.201807130628/tools/compiler/bin/../lib/gcc/arm-none-eabi/7.2.1/thumb/v7-m/crtbegin.o

.rodata         0x08003ab0      0x108
                0x08003ab0                . = ALIGN (0x4)
 *(.rodata)
 .rodata        0x08003ab0       0x18 Core/Src/system_stm32f1xx.o
                0x08003ab0                AHBPrescTable
                0x08003ac0                APBPrescTable
 .rodata        0x08003ac8       0x18 Core/Src/task_monitor.o
                0x08003ac8                strobing_sequence
 .rodata        0x08003ae0       0x12 Drivers/STM32F1xx_HAL_Driver/Src/stm32f1xx_hal_rcc.o
 *(.rodata*)
 *fill*         0x08003af2        0x2 
 .rodata.str1.4
                0x08003af4       0x13 Core/Src/main.o
 *fill*         0x08003b07        0x1 
 .rodata.str1.4
                0x08003b08       0x20 Core/Src/stm32f1xx_hal_msp.o
 .rodata.str1.4
                0x08003b28        0xe Core/Src/usb_comm.o
 *fill*         0x08003b36        0x2 
 .rodata.str1.4
                0x08003b38       0x5a USB_DEVICE/App/usbd_desc.o
 *fill*         0x08003b92        0x2 
 .rodata.str1.4
                0x08003b94       0x24 USB_DEVICE/Target/usbd_conf.o
                                 0x21 (size before relaxing)
                0x08003bb8                . = ALIGN (0x4)

.rel.dyn        0x08003bb8        0x0
 .rel.iplt      0x08003bb8        0x0 c:/ac6/systemworkbench/plugins/fr.ac6.mcu.externaltools.arm-none.win32_1.16.0.201807130628/tools/compiler/bin/../lib/gcc/arm-none-eabi/7.2.1/thumb/v7-m/crtbegin.o

.ARM.extab
 *(.ARM.extab* .gnu.linkonce.armextab.*)

.ARM            0x08003bb8        0x0
                0x08003bb8                __exidx_start = .
 *(.ARM.exidx*)
                0x08003bb8                __exidx_end = .

.preinit_array  0x08003bb8        0x0
                0x08003bb8                PROVIDE (__preinit_array_start, .)
 *(.preinit_array*)
                0x08003bb8                PROVIDE (__preinit_array_end, .)

.init_array     0x08003bb8        0x4
                0x08003bb8                PROVIDE (__init_array_start, .)
 *(SORT_BY_NAME(.init_array.*))
 *(.init_array*)
 .init_array    0x08003bb8        0x4 c:/ac6/systemworkbench/plugins/fr.ac6.mcu.externaltools.arm-none.win32_1.16.0.201807130628/tools/compiler/bin/../lib/gcc/arm-none-eabi/7.2.1/thumb/v7-m/crtbegin.o
                0x08003bbc                PROVIDE (__init_array_end, .)

.fini_array     0x08003bbc        0x4
                [!provide]                PROVIDE (__fini_array_start, .)
 *(SORT_BY_NAME(.fini_array.*))
 *(.fini_array*)
 .fini_array    0x08003bbc        0x4 c:/ac6/systemworkbench/plugins/fr.ac6.mcu.externaltools.arm-none.win32_1.16.0.201807130628/tools/compiler/bin/../lib/gcc/arm-none-eabi/7.2.1/thumb/v7-m/crtbegin.o
                [!provide]                PROVIDE (__fini_array_end, .)
                0x08003bc0                _sidata = LOADADDR (.data)

.data           0x20000000      0x160 load address 0x08003bc0
                0x20000000                . = ALIGN (0x4)
                0x20000000                _sdata = .
 *(.data)
 .data          0x20000000        0x4 Core/Src/system_stm32f1xx.o
                0x20000000                SystemCoreClock
 .data          0x20000004        0x8 Drivers/STM32F1xx_HAL_Driver/Src/stm32f1xx_hal.o
                0x20000004                uwTickFreq
                0x20000008                uwTickPrio
 .data          0x2000000c      0x110 Middlewares/ST/STM32_USB_Device_Library/Class/CDC/Src/usbd_cdc.o
                0x2000000c                USBD_CDC_CfgFSDesc
                0x20000050                USBD_CDC_CfgHSDesc
                0x20000094                USBD_CDC_OtherSpeedCfgDesc
                0x200000e4                USBD_CDC
 .data          0x2000011c       0x10 USB_DEVICE/App/usbd_cdc_if.o
                0x2000011c                USBD_Interface_fops_FS
 .data          0x2000012c       0x34 USB_DEVICE/App/usbd_desc.o
                0x2000012c                USBD_FS_DeviceDesc
                0x20000140                USBD_LangIDDesc
                0x20000144                FS_Desc
 *(.data*)
                0x20000160                . = ALIGN (0x4)
                0x20000160                _edata = .

.igot.plt       0x20000160        0x0 load address 0x08003d20
 .igot.plt      0x20000160        0x0 c:/ac6/systemworkbench/plugins/fr.ac6.mcu.externaltools.arm-none.win32_1.16.0.201807130628/tools/compiler/bin/../lib/gcc/arm-none-eabi/7.2.1/thumb/v7-m/crtbegin.o
                0x20000160                . = ALIGN (0x4)

.bss            0x20000160     0x140c load address 0x08003d20
                0x20000160                _sbss = .
                0x20000160                __bss_start__ = _sbss
 *(.bss)
 .bss           0x20000160       0x1c c:/ac6/systemworkbench/plugins/fr.ac6.mcu.externaltools.arm-none.win32_1.16.0.201807130628/tools/compiler/bin/../lib/gcc/arm-none-eabi/7.2.1/thumb/v7-m/crtbegin.o
 .bss           0x2000017c       0x88 Core/Src/led_status.o
 .bss           0x20000204        0x6 Core/Src/main.o
 *fill*         0x2000020a        0x2 
 .bss           0x2000020c       0x10 Core/Src/task_monitor.o
 .bss           0x2000021c       0x10 Core/Src/usb_comm.o
 .bss           0x2000022c        0x1 Middlewares/ST/STM32_USB_Device_Library/Class/CDC/Src/usbd_cdc.o
 .bss           0x2000022d        0x1 Middlewares/ST/STM32_USB_Device_Library/Core/Src/usbd_ctlreq.o
 .bss           0x2000022e        0x1 USB_DEVICE/App/usbd_cdc_extension.o
                0x2000022e                usbd_cdc_ext_dtr
 *fill*         0x2000022f        0x1 
 .bss           0x20000230      0x220 USB_DEVICE/Target/usbd_conf.o
 *(.bss*)
 *(COMMON)
 COMMON         0x20000450       0xc4 Core/Src/main.o
                0x20000450                hdma_tim2_up
                0x20000494                htim3
                0x200004d4                htim2
 COMMON         0x20000514        0x4 Drivers/STM32F1xx_HAL_Driver/Src/stm32f1xx_hal.o
                0x20000514                uwTick
 COMMON         0x20000518      0x224 USB_DEVICE/App/usb_device.o
                0x20000518                hUsbDeviceFS
 COMMON         0x2000073c      0x7d0 USB_DEVICE/App/usbd_cdc_if.o
                0x2000073c                UserRxBufferFS
                0x20000b24                UserTxBufferFS
 COMMON         0x20000f0c      0x200 USB_DEVICE/App/usbd_desc.o
                0x20000f0c                USBD_StrDesc
 COMMON         0x2000110c      0x460 USB_DEVICE/Target/usbd_conf.o
                0x2000110c                hpcd_USB_FS
                0x2000156c                . = ALIGN (0x4)
                0x2000156c                _ebss = .
                0x2000156c                __bss_end__ = _ebss

._user_heap_stack
                0x2000156c      0x604 load address 0x08003d20
                0x20001570                . = ALIGN (0x8)
 *fill*         0x2000156c        0x4 
                [!provide]                PROVIDE (end, .)
                [!provide]                PROVIDE (_end, .)
                0x20001770                . = (. + _Min_Heap_Size)
 *fill*         0x20001570      0x200 
                0x20001b70                . = (. + _Min_Stack_Size)
 *fill*         0x20001770      0x400 
                0x20001b70                . = ALIGN (0x8)

/DISCARD/
 libc.a(*)
 libm.a(*)
 libgcc.a(*)

.ARM.attributes
                0x00000000       0x29
 *(.ARM.attributes)
 .ARM.attributes
                0x00000000       0x1d c:/ac6/systemworkbench/plugins/fr.ac6.mcu.externaltools.arm-none.win32_1.16.0.201807130628/tools/compiler/bin/../lib/gcc/arm-none-eabi/7.2.1/thumb/v7-m/crti.o
 .ARM.attributes
                0x0000001d       0x2d c:/ac6/systemworkbench/plugins/fr.ac6.mcu.externaltools.arm-none.win32_1.16.0.201807130628/tools/compiler/bin/../lib/gcc/arm-none-eabi/7.2.1/thumb/v7-m/crtbegin.o
 .ARM.attributes
                0x0000004a       0x33 Core/Src/led_status.o
 .ARM.attributes
                0x0000007d       0x33 Core/Src/main.o
 .ARM.attributes
                0x000000b0       0x33 Core/Src/pt_util.o
 .ARM.attributes
                0x000000e3       0x33 Core/Src/stm32f1xx_hal_msp.o
 .ARM.attributes
                0x00000116       0x33 Core/Src/stm32f1xx_it.o
 .ARM.attributes
                0x00000149       0x33 Core/Src/system_stm32f1xx.o
 .ARM.attributes
                0x0000017c       0x33 Core/Src/task_monitor.o
 .ARM.attributes
                0x000001af       0x33 Core/Src/usb_comm.o
 .ARM.attributes
                0x000001e2       0x33 Drivers/STM32F1xx_HAL_Driver/Src/stm32f1xx_hal.o
 .ARM.attributes
                0x00000215       0x33 Drivers/STM32F1xx_HAL_Driver/Src/stm32f1xx_hal_cortex.o
 .ARM.attributes
                0x00000248       0x33 Drivers/STM32F1xx_HAL_Driver/Src/stm32f1xx_hal_dma.o
 .ARM.attributes
                0x0000027b       0x33 Drivers/STM32F1xx_HAL_Driver/Src/stm32f1xx_hal_gpio.o
 .ARM.attributes
                0x000002ae       0x33 Drivers/STM32F1xx_HAL_Driver/Src/stm32f1xx_hal_pcd.o
 .ARM.attributes
                0x000002e1       0x33 Drivers/STM32F1xx_HAL_Driver/Src/stm32f1xx_hal_pcd_ex.o
 .ARM.attributes
                0x00000314       0x33 Drivers/STM32F1xx_HAL_Driver/Src/stm32f1xx_hal_rcc.o
 .ARM.attributes
                0x00000347       0x33 Drivers/STM32F1xx_HAL_Driver/Src/stm32f1xx_hal_rcc_ex.o
 .ARM.attributes
                0x0000037a       0x33 Drivers/STM32F1xx_HAL_Driver/Src/stm32f1xx_hal_tim.o
 .ARM.attributes
                0x000003ad       0x33 Drivers/STM32F1xx_HAL_Driver/Src/stm32f1xx_hal_tim_ex.o
 .ARM.attributes
                0x000003e0       0x33 Drivers/STM32F1xx_HAL_Driver/Src/stm32f1xx_ll_usb.o
 .ARM.attributes
                0x00000413       0x33 Middlewares/ST/STM32_USB_Device_Library/Class/CDC/Src/usbd_cdc.o
 .ARM.attributes
                0x00000446       0x33 Middlewares/ST/STM32_USB_Device_Library/Core/Src/usbd_core.o
 .ARM.attributes
                0x00000479       0x33 Middlewares/ST/STM32_USB_Device_Library/Core/Src/usbd_ctlreq.o
 .ARM.attributes
                0x000004ac       0x33 Middlewares/ST/STM32_USB_Device_Library/Core/Src/usbd_ioreq.o
 .ARM.attributes
                0x000004df       0x33 USB_DEVICE/App/usb_device.o
 .ARM.attributes
                0x00000512       0x33 USB_DEVICE/App/usbd_cdc_extension.o
 .ARM.attributes
                0x00000545       0x33 USB_DEVICE/App/usbd_cdc_if.o
 .ARM.attributes
                0x00000578       0x33 USB_DEVICE/App/usbd_desc.o
 .ARM.attributes
                0x000005ab       0x33 USB_DEVICE/Target/usbd_conf.o
 .ARM.attributes
                0x000005de       0x21 startup/startup_stm32f103xb.o
 .ARM.attributes
                0x000005ff       0x2d c:/ac6/systemworkbench/plugins/fr.ac6.mcu.externaltools.arm-none.win32_1.16.0.201807130628/tools/compiler/bin/../lib/gcc/arm-none-eabi/7.2.1/../../../../arm-none-eabi/lib/thumb/v7-m\libc_nano.a(lib_a-init.o)
 .ARM.attributes
                0x0000062c       0x2d c:/ac6/systemworkbench/plugins/fr.ac6.mcu.externaltools.arm-none.win32_1.16.0.201807130628/tools/compiler/bin/../lib/gcc/arm-none-eabi/7.2.1/../../../../arm-none-eabi/lib/thumb/v7-m\libc_nano.a(lib_a-memcpy-stub.o)
 .ARM.attributes
                0x00000659       0x1d c:/ac6/systemworkbench/plugins/fr.ac6.mcu.externaltools.arm-none.win32_1.16.0.201807130628/tools/compiler/bin/../lib/gcc/arm-none-eabi/7.2.1/thumb/v7-m/crtn.o
OUTPUT(stm32-camera-controller.elf elf32-littlearm)

.debug_info     0x00000000    0x213d3
 .debug_info    0x00000000      0xd22 Core/Src/led_status.o
 .debug_info    0x00000d22     0x1c08 Core/Src/main.o
 .debug_info    0x0000292a      0x9f3 Core/Src/pt_util.o
 .debug_info    0x0000331d     0x13b1 Core/Src/stm32f1xx_hal_msp.o
 .debug_info    0x000046ce     0x1301 Core/Src/stm32f1xx_it.o
 .debug_info    0x000059cf      0xc15 Core/Src/system_stm32f1xx.o
 .debug_info    0x000065e4      0xf3c Core/Src/task_monitor.o
 .debug_info    0x00007520      0xf13 Core/Src/usb_comm.o
 .debug_info    0x00008433      0xfa6 Drivers/STM32F1xx_HAL_Driver/Src/stm32f1xx_hal.o
 .debug_info    0x000093d9     0x1475 Drivers/STM32F1xx_HAL_Driver/Src/stm32f1xx_hal_cortex.o
 .debug_info    0x0000a84e     0x1014 Drivers/STM32F1xx_HAL_Driver/Src/stm32f1xx_hal_dma.o
 .debug_info    0x0000b862      0xe87 Drivers/STM32F1xx_HAL_Driver/Src/stm32f1xx_hal_gpio.o
 .debug_info    0x0000c6e9     0x19d2 Drivers/STM32F1xx_HAL_Driver/Src/stm32f1xx_hal_pcd.o
 .debug_info    0x0000e0bb      0xe0d Drivers/STM32F1xx_HAL_Driver/Src/stm32f1xx_hal_pcd_ex.o
 .debug_info    0x0000eec8     0x11ef Drivers/STM32F1xx_HAL_Driver/Src/stm32f1xx_hal_rcc.o
 .debug_info    0x000100b7      0xc67 Drivers/STM32F1xx_HAL_Driver/Src/stm32f1xx_hal_rcc_ex.o
 .debug_info    0x00010d1e     0x3660 Drivers/STM32F1xx_HAL_Driver/Src/stm32f1xx_hal_tim.o
 .debug_info    0x0001437e     0x1aa8 Drivers/STM32F1xx_HAL_Driver/Src/stm32f1xx_hal_tim_ex.o
 .debug_info    0x00015e26     0x172c Drivers/STM32F1xx_HAL_Driver/Src/stm32f1xx_ll_usb.o
 .debug_info    0x00017552     0x1583 Middlewares/ST/STM32_USB_Device_Library/Class/CDC/Src/usbd_cdc.o
 .debug_info    0x00018ad5     0x14ab Middlewares/ST/STM32_USB_Device_Library/Core/Src/usbd_core.o
 .debug_info    0x00019f80     0x166a Middlewares/ST/STM32_USB_Device_Library/Core/Src/usbd_ctlreq.o
 .debug_info    0x0001b5ea      0xfd4 Middlewares/ST/STM32_USB_Device_Library/Core/Src/usbd_ioreq.o
 .debug_info    0x0001c5be      0xe8b USB_DEVICE/App/usb_device.o
 .debug_info    0x0001d449       0xda USB_DEVICE/App/usbd_cdc_extension.o
 .debug_info    0x0001d523     0x10b9 USB_DEVICE/App/usbd_cdc_if.o
 .debug_info    0x0001e5dc      0xd5f USB_DEVICE/App/usbd_desc.o
 .debug_info    0x0001f33b     0x2076 USB_DEVICE/Target/usbd_conf.o
 .debug_info    0x000213b1       0x22 startup/startup_stm32f103xb.o

.debug_abbrev   0x00000000     0x4a16
 .debug_abbrev  0x00000000      0x2a4 Core/Src/led_status.o
 .debug_abbrev  0x000002a4      0x30e Core/Src/main.o
 .debug_abbrev  0x000005b2      0x216 Core/Src/pt_util.o
 .debug_abbrev  0x000007c8      0x270 Core/Src/stm32f1xx_hal_msp.o
 .debug_abbrev  0x00000a38      0x22e Core/Src/stm32f1xx_it.o
 .debug_abbrev  0x00000c66      0x228 Core/Src/system_stm32f1xx.o
 .debug_abbrev  0x00000e8e      0x2ad Core/Src/task_monitor.o
 .debug_abbrev  0x0000113b      0x277 Core/Src/usb_comm.o
 .debug_abbrev  0x000013b2      0x2f4 Drivers/STM32F1xx_HAL_Driver/Src/stm32f1xx_hal.o
 .debug_abbrev  0x000016a6      0x3cd Drivers/STM32F1xx_HAL_Driver/Src/stm32f1xx_hal_cortex.o
 .debug_abbrev  0x00001a73      0x2e5 Drivers/STM32F1xx_HAL_Driver/Src/stm32f1xx_hal_dma.o
 .debug_abbrev  0x00001d58      0x2a7 Drivers/STM32F1xx_HAL_Driver/Src/stm32f1xx_hal_gpio.o
 .debug_abbrev  0x00001fff      0x357 Drivers/STM32F1xx_HAL_Driver/Src/stm32f1xx_hal_pcd.o
 .debug_abbrev  0x00002356      0x232 Drivers/STM32F1xx_HAL_Driver/Src/stm32f1xx_hal_pcd_ex.o
 .debug_abbrev  0x00002588      0x335 Drivers/STM32F1xx_HAL_Driver/Src/stm32f1xx_hal_rcc.o
 .debug_abbrev  0x000028bd      0x2b4 Drivers/STM32F1xx_HAL_Driver/Src/stm32f1xx_hal_rcc_ex.o
 .debug_abbrev  0x00002b71      0x2ef Drivers/STM32F1xx_HAL_Driver/Src/stm32f1xx_hal_tim.o
 .debug_abbrev  0x00002e60      0x2e0 Drivers/STM32F1xx_HAL_Driver/Src/stm32f1xx_hal_tim_ex.o
 .debug_abbrev  0x00003140      0x2c3 Drivers/STM32F1xx_HAL_Driver/Src/stm32f1xx_ll_usb.o
 .debug_abbrev  0x00003403      0x31d Middlewares/ST/STM32_USB_Device_Library/Class/CDC/Src/usbd_cdc.o
 .debug_abbrev  0x00003720      0x2ac Middlewares/ST/STM32_USB_Device_Library/Core/Src/usbd_core.o
 .debug_abbrev  0x000039cc      0x329 Middlewares/ST/STM32_USB_Device_Library/Core/Src/usbd_ctlreq.o
 .debug_abbrev  0x00003cf5      0x215 Middlewares/ST/STM32_USB_Device_Library/Core/Src/usbd_ioreq.o
 .debug_abbrev  0x00003f0a      0x218 USB_DEVICE/App/usb_device.o
 .debug_abbrev  0x00004122       0x86 USB_DEVICE/App/usbd_cdc_extension.o
 .debug_abbrev  0x000041a8      0x2c9 USB_DEVICE/App/usbd_cdc_if.o
 .debug_abbrev  0x00004471      0x277 USB_DEVICE/App/usbd_desc.o
 .debug_abbrev  0x000046e8      0x31c USB_DEVICE/Target/usbd_conf.o
 .debug_abbrev  0x00004a04       0x12 startup/startup_stm32f103xb.o

.debug_loc      0x00000000     0xa3e7
 .debug_loc     0x00000000       0xdf Core/Src/led_status.o
 .debug_loc     0x000000df       0xb2 Core/Src/pt_util.o
 .debug_loc     0x00000191       0x92 Core/Src/stm32f1xx_hal_msp.o
 .debug_loc     0x00000223       0xdf Core/Src/system_stm32f1xx.o
 .debug_loc     0x00000302       0x60 Core/Src/task_monitor.o
 .debug_loc     0x00000362       0x4a Core/Src/usb_comm.o
 .debug_loc     0x000003ac       0xfd Drivers/STM32F1xx_HAL_Driver/Src/stm32f1xx_hal.o
 .debug_loc     0x000004a9      0x5ad Drivers/STM32F1xx_HAL_Driver/Src/stm32f1xx_hal_cortex.o
 .debug_loc     0x00000a56      0x7aa Drivers/STM32F1xx_HAL_Driver/Src/stm32f1xx_hal_dma.o
 .debug_loc     0x00001200      0x44e Drivers/STM32F1xx_HAL_Driver/Src/stm32f1xx_hal_gpio.o
 .debug_loc     0x0000164e      0xa6c Drivers/STM32F1xx_HAL_Driver/Src/stm32f1xx_hal_pcd.o
 .debug_loc     0x000020ba       0xf4 Drivers/STM32F1xx_HAL_Driver/Src/stm32f1xx_hal_pcd_ex.o
 .debug_loc     0x000021ae      0x4f6 Drivers/STM32F1xx_HAL_Driver/Src/stm32f1xx_hal_rcc.o
 .debug_loc     0x000026a4      0x2d0 Drivers/STM32F1xx_HAL_Driver/Src/stm32f1xx_hal_rcc_ex.o
 .debug_loc     0x00002974     0x367a Drivers/STM32F1xx_HAL_Driver/Src/stm32f1xx_hal_tim.o
 .debug_loc     0x00005fee      0xf9e Drivers/STM32F1xx_HAL_Driver/Src/stm32f1xx_hal_tim_ex.o
 .debug_loc     0x00006f8c      0xc0d Drivers/STM32F1xx_HAL_Driver/Src/stm32f1xx_ll_usb.o
 .debug_loc     0x00007b99      0x4a4 Middlewares/ST/STM32_USB_Device_Library/Class/CDC/Src/usbd_cdc.o
 .debug_loc     0x0000803d      0x6f8 Middlewares/ST/STM32_USB_Device_Library/Core/Src/usbd_core.o
 .debug_loc     0x00008735      0xb38 Middlewares/ST/STM32_USB_Device_Library/Core/Src/usbd_ctlreq.o
 .debug_loc     0x0000926d      0x23c Middlewares/ST/STM32_USB_Device_Library/Core/Src/usbd_ioreq.o
 .debug_loc     0x000094a9       0x21 USB_DEVICE/App/usbd_cdc_extension.o
 .debug_loc     0x000094ca      0x113 USB_DEVICE/App/usbd_cdc_if.o
 .debug_loc     0x000095dd      0x2b7 USB_DEVICE/App/usbd_desc.o
 .debug_loc     0x00009894      0xb53 USB_DEVICE/Target/usbd_conf.o

.debug_aranges  0x00000000      0xfd0
 .debug_aranges
                0x00000000       0x38 Core/Src/led_status.o
 .debug_aranges
                0x00000038       0x58 Core/Src/main.o
 .debug_aranges
                0x00000090       0x20 Core/Src/pt_util.o
 .debug_aranges
                0x000000b0       0x30 Core/Src/stm32f1xx_hal_msp.o
 .debug_aranges
                0x000000e0       0x78 Core/Src/stm32f1xx_it.o
 .debug_aranges
                0x00000158       0x28 Core/Src/system_stm32f1xx.o
 .debug_aranges
                0x00000180       0x28 Core/Src/task_monitor.o
 .debug_aranges
                0x000001a8       0x20 Core/Src/usb_comm.o
 .debug_aranges
                0x000001c8       0xd0 Drivers/STM32F1xx_HAL_Driver/Src/stm32f1xx_hal.o
 .debug_aranges
                0x00000298       0x90 Drivers/STM32F1xx_HAL_Driver/Src/stm32f1xx_hal_cortex.o
 .debug_aranges
                0x00000328       0x80 Drivers/STM32F1xx_HAL_Driver/Src/stm32f1xx_hal_dma.o
 .debug_aranges
                0x000003a8       0x58 Drivers/STM32F1xx_HAL_Driver/Src/stm32f1xx_hal_gpio.o
 .debug_aranges
                0x00000400      0x120 Drivers/STM32F1xx_HAL_Driver/Src/stm32f1xx_hal_pcd.o
 .debug_aranges
                0x00000520       0x28 Drivers/STM32F1xx_HAL_Driver/Src/stm32f1xx_hal_pcd_ex.o
 .debug_aranges
                0x00000548       0x90 Drivers/STM32F1xx_HAL_Driver/Src/stm32f1xx_hal_rcc.o
 .debug_aranges
                0x000005d8       0x30 Drivers/STM32F1xx_HAL_Driver/Src/stm32f1xx_hal_rcc_ex.o
 .debug_aranges
                0x00000608      0x368 Drivers/STM32F1xx_HAL_Driver/Src/stm32f1xx_hal_tim.o
 .debug_aranges
                0x00000970      0x138 Drivers/STM32F1xx_HAL_Driver/Src/stm32f1xx_hal_tim_ex.o
 .debug_aranges
                0x00000aa8      0x100 Drivers/STM32F1xx_HAL_Driver/Src/stm32f1xx_ll_usb.o
 .debug_aranges
                0x00000ba8       0x90 Middlewares/ST/STM32_USB_Device_Library/Class/CDC/Src/usbd_cdc.o
 .debug_aranges
                0x00000c38       0xb8 Middlewares/ST/STM32_USB_Device_Library/Core/Src/usbd_core.o
 .debug_aranges
                0x00000cf0       0x88 Middlewares/ST/STM32_USB_Device_Library/Core/Src/usbd_ctlreq.o
 .debug_aranges
                0x00000d78       0x50 Middlewares/ST/STM32_USB_Device_Library/Core/Src/usbd_ioreq.o
 .debug_aranges
                0x00000dc8       0x20 USB_DEVICE/App/usb_device.o
 .debug_aranges
                0x00000de8       0x20 USB_DEVICE/App/usbd_cdc_extension.o
 .debug_aranges
                0x00000e08       0x40 USB_DEVICE/App/usbd_cdc_if.o
 .debug_aranges
                0x00000e48       0x50 USB_DEVICE/App/usbd_desc.o
 .debug_aranges
                0x00000e98      0x110 USB_DEVICE/Target/usbd_conf.o
 .debug_aranges
                0x00000fa8       0x28 startup/startup_stm32f103xb.o

.debug_ranges   0x00000000     0x1088
 .debug_ranges  0x00000000       0x78 Core/Src/led_status.o
 .debug_ranges  0x00000078       0x48 Core/Src/main.o
 .debug_ranges  0x000000c0       0x10 Core/Src/pt_util.o
 .debug_ranges  0x000000d0       0x20 Core/Src/stm32f1xx_hal_msp.o
 .debug_ranges  0x000000f0       0x68 Core/Src/stm32f1xx_it.o
 .debug_ranges  0x00000158       0x18 Core/Src/system_stm32f1xx.o
 .debug_ranges  0x00000170       0x60 Core/Src/task_monitor.o
 .debug_ranges  0x000001d0       0x40 Core/Src/usb_comm.o
 .debug_ranges  0x00000210       0xc0 Drivers/STM32F1xx_HAL_Driver/Src/stm32f1xx_hal.o
 .debug_ranges  0x000002d0       0xe0 Drivers/STM32F1xx_HAL_Driver/Src/stm32f1xx_hal_cortex.o
 .debug_ranges  0x000003b0       0x70 Drivers/STM32F1xx_HAL_Driver/Src/stm32f1xx_hal_dma.o
 .debug_ranges  0x00000420       0x48 Drivers/STM32F1xx_HAL_Driver/Src/stm32f1xx_hal_gpio.o
 .debug_ranges  0x00000468      0x140 Drivers/STM32F1xx_HAL_Driver/Src/stm32f1xx_hal_pcd.o
 .debug_ranges  0x000005a8       0x18 Drivers/STM32F1xx_HAL_Driver/Src/stm32f1xx_hal_pcd_ex.o
 .debug_ranges  0x000005c0       0xa0 Drivers/STM32F1xx_HAL_Driver/Src/stm32f1xx_hal_rcc.o
 .debug_ranges  0x00000660       0x38 Drivers/STM32F1xx_HAL_Driver/Src/stm32f1xx_hal_rcc_ex.o
 .debug_ranges  0x00000698      0x358 Drivers/STM32F1xx_HAL_Driver/Src/stm32f1xx_hal_tim.o
 .debug_ranges  0x000009f0      0x128 Drivers/STM32F1xx_HAL_Driver/Src/stm32f1xx_hal_tim_ex.o
 .debug_ranges  0x00000b18      0x1e0 Drivers/STM32F1xx_HAL_Driver/Src/stm32f1xx_ll_usb.o
 .debug_ranges  0x00000cf8       0x80 Middlewares/ST/STM32_USB_Device_Library/Class/CDC/Src/usbd_cdc.o
 .debug_ranges  0x00000d78       0xa8 Middlewares/ST/STM32_USB_Device_Library/Core/Src/usbd_core.o
 .debug_ranges  0x00000e20       0x78 Middlewares/ST/STM32_USB_Device_Library/Core/Src/usbd_ctlreq.o
 .debug_ranges  0x00000e98       0x40 Middlewares/ST/STM32_USB_Device_Library/Core/Src/usbd_ioreq.o
 .debug_ranges  0x00000ed8       0x10 USB_DEVICE/App/usb_device.o
 .debug_ranges  0x00000ee8       0x10 USB_DEVICE/App/usbd_cdc_extension.o
 .debug_ranges  0x00000ef8       0x30 USB_DEVICE/App/usbd_cdc_if.o
 .debug_ranges  0x00000f28       0x40 USB_DEVICE/App/usbd_desc.o
 .debug_ranges  0x00000f68      0x100 USB_DEVICE/Target/usbd_conf.o
 .debug_ranges  0x00001068       0x20 startup/startup_stm32f103xb.o

.debug_macro    0x00000000    0x194a2
 .debug_macro   0x00000000      0x391 Core/Src/led_status.o
 .debug_macro   0x00000391      0xa60 Core/Src/led_status.o
 .debug_macro   0x00000df1       0x22 Core/Src/led_status.o
 .debug_macro   0x00000e13       0x73 Core/Src/led_status.o
 .debug_macro   0x00000e86       0x22 Core/Src/led_status.o
 .debug_macro   0x00000ea8       0x87 Core/Src/led_status.o
 .debug_macro   0x00000f2f       0x51 Core/Src/led_status.o
 .debug_macro   0x00000f80       0xef Core/Src/led_status.o
 .debug_macro   0x0000106f       0x6a Core/Src/led_status.o
 .debug_macro   0x000010d9      0x1df Core/Src/led_status.o
 .debug_macro   0x000012b8       0x1c Core/Src/led_status.o
 .debug_macro   0x000012d4       0x1c Core/Src/led_status.o
 .debug_macro   0x000012f0      0x16f Core/Src/led_status.o
 .debug_macro   0x0000145f       0x2e Core/Src/led_status.o
 .debug_macro   0x0000148d       0x22 Core/Src/led_status.o
 .debug_macro   0x000014af       0x3a Core/Src/led_status.o
 .debug_macro   0x000014e9       0x34 Core/Src/led_status.o
 .debug_macro   0x0000151d      0xb8e Core/Src/led_status.o
 .debug_macro   0x000020ab     0xe90a Core/Src/led_status.o
 .debug_macro   0x000109b5       0x43 Core/Src/led_status.o
 .debug_macro   0x000109f8       0x58 Core/Src/led_status.o
 .debug_macro   0x00010a50       0x17 Core/Src/led_status.o
 .debug_macro   0x00010a67       0x35 Core/Src/led_status.o
 .debug_macro   0x00010a9c       0x9c Core/Src/led_status.o
 .debug_macro   0x00010b38       0x16 Core/Src/led_status.o
 .debug_macro   0x00010b4e       0x97 Core/Src/led_status.o
 .debug_macro   0x00010be5      0x330 Core/Src/led_status.o
 .debug_macro   0x00010f15       0xfd Core/Src/led_status.o
 .debug_macro   0x00011012       0x10 Core/Src/led_status.o
 .debug_macro   0x00011022       0x58 Core/Src/led_status.o
 .debug_macro   0x0001107a       0x1f Core/Src/led_status.o
 .debug_macro   0x00011099       0x43 Core/Src/led_status.o
 .debug_macro   0x000110dc       0x20 Core/Src/led_status.o
 .debug_macro   0x000110fc      0x18e Core/Src/led_status.o
 .debug_macro   0x0001128a       0x10 Core/Src/led_status.o
 .debug_macro   0x0001129a       0x1c Core/Src/led_status.o
 .debug_macro   0x000112b6       0x52 Core/Src/led_status.o
 .debug_macro   0x00011308       0x40 Core/Src/led_status.o
 .debug_macro   0x00011348       0x10 Core/Src/led_status.o
 .debug_macro   0x00011358       0x40 Core/Src/led_status.o
 .debug_macro   0x00011398       0xd7 Core/Src/led_status.o
 .debug_macro   0x0001146f       0x1c Core/Src/led_status.o
 .debug_macro   0x0001148b       0x3d Core/Src/led_status.o
 .debug_macro   0x000114c8       0x16 Core/Src/led_status.o
 .debug_macro   0x000114de      0x16f Core/Src/led_status.o
 .debug_macro   0x0001164d       0x50 Core/Src/led_status.o
 .debug_macro   0x0001169d      0x5c2 Core/Src/led_status.o
 .debug_macro   0x00011c5f      0x28a Core/Src/led_status.o
 .debug_macro   0x00011ee9      0x1cb Core/Src/led_status.o
 .debug_macro   0x000120b4      0x11e Core/Src/led_status.o
 .debug_macro   0x000121d2      0x1b3 Core/Src/led_status.o
 .debug_macro   0x00012385       0x27 Core/Src/led_status.o
 .debug_macro   0x000123ac      0x1bc Core/Src/led_status.o
 .debug_macro   0x00012568       0x34 Core/Src/led_status.o
 .debug_macro   0x0001259c       0x3c Core/Src/led_status.o
 .debug_macro   0x000125d8       0x57 Core/Src/led_status.o
 .debug_macro   0x0001262f       0x8c Core/Src/led_status.o
 .debug_macro   0x000126bb      0x242 Core/Src/led_status.o
 .debug_macro   0x000128fd      0x143 Core/Src/led_status.o
 .debug_macro   0x00012a40      0x84c Core/Src/led_status.o
 .debug_macro   0x0001328c       0x1f Core/Src/led_status.o
 .debug_macro   0x000132ab       0x50 Core/Src/led_status.o
 .debug_macro   0x000132fb      0x26c Core/Src/led_status.o
 .debug_macro   0x00013567       0x83 Core/Src/led_status.o
 .debug_macro   0x000135ea       0x22 Core/Src/led_status.o
 .debug_macro   0x0001360c       0x1c Core/Src/led_status.o
 .debug_macro   0x00013628       0x16 Core/Src/led_status.o
 .debug_macro   0x0001363e       0x35 Core/Src/led_status.o
 .debug_macro   0x00013673      0x3de Core/Src/main.o
 .debug_macro   0x00013a51       0x34 Core/Src/main.o
 .debug_macro   0x00013a85       0x16 Core/Src/main.o
 .debug_macro   0x00013a9b       0x16 Core/Src/main.o
 .debug_macro   0x00013ab1       0x29 Core/Src/main.o
 .debug_macro   0x00013ada       0x6a Core/Src/main.o
 .debug_macro   0x00013b44      0x1c3 Core/Src/main.o
 .debug_macro   0x00013d07       0x22 Core/Src/main.o
 .debug_macro   0x00013d29       0x10 Core/Src/main.o
 .debug_macro   0x00013d39      0x34b Core/Src/pt_util.o
 .debug_macro   0x00014084      0x30d Core/Src/stm32f1xx_hal_msp.o
 .debug_macro   0x00014391      0x317 Core/Src/stm32f1xx_it.o
 .debug_macro   0x000146a8      0x313 Core/Src/system_stm32f1xx.o
 .debug_macro   0x000149bb      0x3fb Core/Src/task_monitor.o
 .debug_macro   0x00014db6      0x41b Core/Src/usb_comm.o
 .debug_macro   0x000151d1       0x52 Core/Src/usb_comm.o
 .debug_macro   0x00015223       0x8d Core/Src/usb_comm.o
 .debug_macro   0x000152b0       0x57 Core/Src/usb_comm.o
 .debug_macro   0x00015307       0x83 Core/Src/usb_comm.o
 .debug_macro   0x0001538a      0x331 Drivers/STM32F1xx_HAL_Driver/Src/stm32f1xx_hal.o
 .debug_macro   0x000156bb      0x30d Drivers/STM32F1xx_HAL_Driver/Src/stm32f1xx_hal_cortex.o
 .debug_macro   0x000159c8      0x30d Drivers/STM32F1xx_HAL_Driver/Src/stm32f1xx_hal_dma.o
 .debug_macro   0x00015cd5      0x37d Drivers/STM32F1xx_HAL_Driver/Src/stm32f1xx_hal_gpio.o
 .debug_macro   0x00016052      0x319 Drivers/STM32F1xx_HAL_Driver/Src/stm32f1xx_hal_pcd.o
 .debug_macro   0x0001636b      0x30d Drivers/STM32F1xx_HAL_Driver/Src/stm32f1xx_hal_pcd_ex.o
 .debug_macro   0x00016678      0x31f Drivers/STM32F1xx_HAL_Driver/Src/stm32f1xx_hal_rcc.o
 .debug_macro   0x00016997      0x30d Drivers/STM32F1xx_HAL_Driver/Src/stm32f1xx_hal_rcc_ex.o
 .debug_macro   0x00016ca4      0x30d Drivers/STM32F1xx_HAL_Driver/Src/stm32f1xx_hal_tim.o
 .debug_macro   0x00016fb1      0x30d Drivers/STM32F1xx_HAL_Driver/Src/stm32f1xx_hal_tim_ex.o
 .debug_macro   0x000172be      0x30d Drivers/STM32F1xx_HAL_Driver/Src/stm32f1xx_ll_usb.o
 .debug_macro   0x000175cb      0x3cd Middlewares/ST/STM32_USB_Device_Library/Class/CDC/Src/usbd_cdc.o
 .debug_macro   0x00017998      0x3b4 Middlewares/ST/STM32_USB_Device_Library/Core/Src/usbd_core.o
 .debug_macro   0x00017d4c      0x3b4 Middlewares/ST/STM32_USB_Device_Library/Core/Src/usbd_ctlreq.o
 .debug_macro   0x00018100      0x3b0 Middlewares/ST/STM32_USB_Device_Library/Core/Src/usbd_ioreq.o
 .debug_macro   0x000184b0      0x3eb USB_DEVICE/App/usb_device.o
 .debug_macro   0x0001889b       0x6d USB_DEVICE/App/usbd_cdc_extension.o
 .debug_macro   0x00018908      0x3df USB_DEVICE/App/usbd_cdc_if.o
 .debug_macro   0x00018ce7      0x3ee USB_DEVICE/App/usbd_desc.o
 .debug_macro   0x000190d5      0x3cd USB_DEVICE/Target/usbd_conf.o

.debug_line     0x00000000    0x1233b
 .debug_line    0x00000000      0x8fc Core/Src/led_status.o
 .debug_line    0x000008fc      0xad3 Core/Src/main.o
 .debug_line    0x000013cf      0x838 Core/Src/pt_util.o
 .debug_line    0x00001c07      0x80d Core/Src/stm32f1xx_hal_msp.o
 .debug_line    0x00002414      0x87d Core/Src/stm32f1xx_it.o
 .debug_line    0x00002c91      0x7f4 Core/Src/system_stm32f1xx.o
 .debug_line    0x00003485      0xa67 Core/Src/task_monitor.o
 .debug_line    0x00003eec      0xacc Core/Src/usb_comm.o
 .debug_line    0x000049b8      0x972 Drivers/STM32F1xx_HAL_Driver/Src/stm32f1xx_hal.o
 .debug_line    0x0000532a      0x98a Drivers/STM32F1xx_HAL_Driver/Src/stm32f1xx_hal_cortex.o
 .debug_line    0x00005cb4      0xb3d Drivers/STM32F1xx_HAL_Driver/Src/stm32f1xx_hal_dma.o
 .debug_line    0x000067f1      0x96f Drivers/STM32F1xx_HAL_Driver/Src/stm32f1xx_hal_gpio.o
 .debug_line    0x00007160      0xc9f Drivers/STM32F1xx_HAL_Driver/Src/stm32f1xx_hal_pcd.o
 .debug_line    0x00007dff      0x7ee Drivers/STM32F1xx_HAL_Driver/Src/stm32f1xx_hal_pcd_ex.o
 .debug_line    0x000085ed      0xa8c Drivers/STM32F1xx_HAL_Driver/Src/stm32f1xx_hal_rcc.o
 .debug_line    0x00009079      0x878 Drivers/STM32F1xx_HAL_Driver/Src/stm32f1xx_hal_rcc_ex.o
 .debug_line    0x000098f1     0x1787 Drivers/STM32F1xx_HAL_Driver/Src/stm32f1xx_hal_tim.o
 .debug_line    0x0000b078      0xd41 Drivers/STM32F1xx_HAL_Driver/Src/stm32f1xx_hal_tim_ex.o
 .debug_line    0x0000bdb9      0xbe9 Drivers/STM32F1xx_HAL_Driver/Src/stm32f1xx_ll_usb.o
 .debug_line    0x0000c9a2      0xbb1 Middlewares/ST/STM32_USB_Device_Library/Class/CDC/Src/usbd_cdc.o
 .debug_line    0x0000d553      0xb3c Middlewares/ST/STM32_USB_Device_Library/Core/Src/usbd_core.o
 .debug_line    0x0000e08f      0xb5a Middlewares/ST/STM32_USB_Device_Library/Core/Src/usbd_ctlreq.o
 .debug_line    0x0000ebe9      0x9bf Middlewares/ST/STM32_USB_Device_Library/Core/Src/usbd_ioreq.o
 .debug_line    0x0000f5a8      0x9e7 USB_DEVICE/App/usb_device.o
 .debug_line    0x0000ff8f      0x2f1 USB_DEVICE/App/usbd_cdc_extension.o
 .debug_line    0x00010280      0xa31 USB_DEVICE/App/usbd_cdc_if.o
 .debug_line    0x00010cb1      0x9b3 USB_DEVICE/App/usbd_desc.o
 .debug_line    0x00011664      0xc5a USB_DEVICE/Target/usbd_conf.o
 .debug_line    0x000122be       0x7d startup/startup_stm32f103xb.o

.debug_str      0x00000000    0x74cc9
 .debug_str     0x00000000    0x6fad5 Core/Src/led_status.o
                              0x6fe74 (size before relaxing)
 .debug_str     0x0006fad5     0x17af Core/Src/main.o
                              0x71349 (size before relaxing)
 .debug_str     0x00071284       0x1e Core/Src/pt_util.o
                              0x6fc81 (size before relaxing)
 .debug_str     0x000712a2       0xfd Core/Src/stm32f1xx_hal_msp.o
                              0x6fd6d (size before relaxing)
 .debug_str     0x0007139f      0x3bb Core/Src/stm32f1xx_it.o
                              0x6fcd1 (size before relaxing)
 .debug_str     0x0007175a       0xc2 Core/Src/system_stm32f1xx.o
                              0x6f608 (size before relaxing)
 .debug_str     0x0007181c       0xff Core/Src/task_monitor.o
                              0x70bb3 (size before relaxing)
 .debug_str     0x0007191b      0x377 Core/Src/usb_comm.o
                              0x70dc0 (size before relaxing)
 .debug_str     0x00071c92      0x3f8 Drivers/STM32F1xx_HAL_Driver/Src/stm32f1xx_hal.o
                              0x6fcbc (size before relaxing)
 .debug_str     0x0007208a      0x201 Drivers/STM32F1xx_HAL_Driver/Src/stm32f1xx_hal_cortex.o
                              0x6fc11 (size before relaxing)
 .debug_str     0x0007228b      0x218 Drivers/STM32F1xx_HAL_Driver/Src/stm32f1xx_hal_dma.o
                              0x6f975 (size before relaxing)
 .debug_str     0x000724a3      0x30b Drivers/STM32F1xx_HAL_Driver/Src/stm32f1xx_hal_gpio.o
                              0x6f958 (size before relaxing)
 .debug_str     0x000727ae      0x573 Drivers/STM32F1xx_HAL_Driver/Src/stm32f1xx_hal_pcd.o
                              0x6fdc6 (size before relaxing)
 .debug_str     0x00072d21       0x57 Drivers/STM32F1xx_HAL_Driver/Src/stm32f1xx_hal_pcd_ex.o
                              0x6f8a3 (size before relaxing)
 .debug_str     0x00072d78      0x219 Drivers/STM32F1xx_HAL_Driver/Src/stm32f1xx_hal_rcc.o
                              0x6f9ad (size before relaxing)
 .debug_str     0x00072f91       0x9f Drivers/STM32F1xx_HAL_Driver/Src/stm32f1xx_hal_rcc_ex.o
                              0x6f739 (size before relaxing)
 .debug_str     0x00073030      0xc00 Drivers/STM32F1xx_HAL_Driver/Src/stm32f1xx_hal_tim.o
                              0x706ad (size before relaxing)
 .debug_str     0x00073c30      0x481 Drivers/STM32F1xx_HAL_Driver/Src/stm32f1xx_hal_tim_ex.o
                              0x6ff4f (size before relaxing)
 .debug_str     0x000740b1      0x155 Drivers/STM32F1xx_HAL_Driver/Src/stm32f1xx_ll_usb.o
                              0x6fa76 (size before relaxing)
 .debug_str     0x00074206      0x2f2 Middlewares/ST/STM32_USB_Device_Library/Class/CDC/Src/usbd_cdc.o
                              0x708f9 (size before relaxing)
 .debug_str     0x000744f8      0x294 Middlewares/ST/STM32_USB_Device_Library/Core/Src/usbd_core.o
                              0x705ba (size before relaxing)
 .debug_str     0x0007478c      0x12e Middlewares/ST/STM32_USB_Device_Library/Core/Src/usbd_ctlreq.o
                              0x704d4 (size before relaxing)
 .debug_str     0x000748ba       0x51 Middlewares/ST/STM32_USB_Device_Library/Core/Src/usbd_ioreq.o
                              0x70401 (size before relaxing)
 .debug_str     0x0007490b       0x1f USB_DEVICE/App/usb_device.o
                              0x7067c (size before relaxing)
 .debug_str     0x0007492a       0x3d USB_DEVICE/App/usbd_cdc_extension.o
                               0x3c82 (size before relaxing)
 .debug_str     0x00074967       0xa2 USB_DEVICE/App/usbd_cdc_if.o
                              0x707a9 (size before relaxing)
 .debug_str     0x00074a09      0x231 USB_DEVICE/App/usbd_desc.o
                              0x702aa (size before relaxing)
 .debug_str     0x00074c3a       0x5f USB_DEVICE/Target/usbd_conf.o
                              0x71148 (size before relaxing)
 .debug_str     0x00074c99       0x30 startup/startup_stm32f103xb.o
                                 0x7d (size before relaxing)

.comment        0x00000000       0x7e
 .comment       0x00000000       0x7e Core/Src/led_status.o
                                 0x7f (size before relaxing)
 .comment       0x0000007e       0x7f Core/Src/main.o
 .comment       0x0000007e       0x7f Core/Src/pt_util.o
 .comment       0x0000007e       0x7f Core/Src/stm32f1xx_hal_msp.o
 .comment       0x0000007e       0x7f Core/Src/stm32f1xx_it.o
 .comment       0x0000007e       0x7f Core/Src/system_stm32f1xx.o
 .comment       0x0000007e       0x7f Core/Src/task_monitor.o
 .comment       0x0000007e       0x7f Core/Src/usb_comm.o
 .comment       0x0000007e       0x7f Drivers/STM32F1xx_HAL_Driver/Src/stm32f1xx_hal.o
 .comment       0x0000007e       0x7f Drivers/STM32F1xx_HAL_Driver/Src/stm32f1xx_hal_cortex.o
 .comment       0x0000007e       0x7f Drivers/STM32F1xx_HAL_Driver/Src/stm32f1xx_hal_dma.o
 .comment       0x0000007e       0x7f Drivers/STM32F1xx_HAL_Driver/Src/stm32f1xx_hal_gpio.o
 .comment       0x0000007e       0x7f Drivers/STM32F1xx_HAL_Driver/Src/stm32f1xx_hal_pcd.o
 .comment       0x0000007e       0x7f Drivers/STM32F1xx_HAL_Driver/Src/stm32f1xx_hal_pcd_ex.o
 .comment       0x0000007e       0x7f Drivers/STM32F1xx_HAL_Driver/Src/stm32f1xx_hal_rcc.o
 .comment       0x0000007e       0x7f Drivers/STM32F1xx_HAL_Driver/Src/stm32f1xx_hal_rcc_ex.o
 .comment       0x0000007e       0x7f Drivers/STM32F1xx_HAL_Driver/Src/stm32f1xx_hal_tim.o
 .comment       0x0000007e       0x7f Drivers/STM32F1xx_HAL_Driver/Src/stm32f1xx_hal_tim_ex.o
 .comment       0x0000007e       0x7f Drivers/STM32F1xx_HAL_Driver/Src/stm32f1xx_ll_usb.o
 .comment       0x0000007e       0x7f Middlewares/ST/STM32_USB_Device_Library/Class/CDC/Src/usbd_cdc.o
 .comment       0x0000007e       0x7f Middlewares/ST/STM32_USB_Device_Library/Core/Src/usbd_core.o
 .comment       0x0000007e       0x7f Middlewares/ST/STM32_USB_Device_Library/Core/Src/usbd_ctlreq.o
 .comment       0x0000007e       0x7f Middlewares/ST/STM32_USB_Device_Library/Core/Src/usbd_ioreq.o
 .comment       0x0000007e       0x7f USB_DEVICE/App/usb_device.o
 .comment       0x0000007e       0x7f USB_DEVICE/App/usbd_cdc_extension.o
 .comment       0x0000007e       0x7f USB_DEVICE/App/usbd_cdc_if.o
 .comment       0x0000007e       0x7f USB_DEVICE/App/usbd_desc.o
 .comment       0x0000007e       0x7f USB_DEVICE/Target/usbd_conf.o

.debug_frame    0x00000000     0x26f8
 .debug_frame   0x00000000       0x88 Core/Src/led_status.o
 .debug_frame   0x00000088       0xe4 Core/Src/main.o
 .debug_frame   0x0000016c       0x2c Core/Src/pt_util.o
 .debug_frame   0x00000198       0x68 Core/Src/stm32f1xx_hal_msp.o
 .debug_frame   0x00000200       0xf0 Core/Src/stm32f1xx_it.o
 .debug_frame   0x000002f0       0x30 Core/Src/system_stm32f1xx.o
 .debug_frame   0x00000320       0x44 Core/Src/task_monitor.o
 .debug_frame   0x00000364       0x2c Core/Src/usb_comm.o
 .debug_frame   0x00000390      0x1ac Drivers/STM32F1xx_HAL_Driver/Src/stm32f1xx_hal.o
 .debug_frame   0x0000053c      0x12c Drivers/STM32F1xx_HAL_Driver/Src/stm32f1xx_hal_cortex.o
 .debug_frame   0x00000668      0x148 Drivers/STM32F1xx_HAL_Driver/Src/stm32f1xx_hal_dma.o
 .debug_frame   0x000007b0       0xd4 Drivers/STM32F1xx_HAL_Driver/Src/stm32f1xx_hal_gpio.o
 .debug_frame   0x00000884      0x300 Drivers/STM32F1xx_HAL_Driver/Src/stm32f1xx_hal_pcd.o
 .debug_frame   0x00000b84       0x30 Drivers/STM32F1xx_HAL_Driver/Src/stm32f1xx_hal_pcd_ex.o
 .debug_frame   0x00000bb4      0x174 Drivers/STM32F1xx_HAL_Driver/Src/stm32f1xx_hal_rcc.o
 .debug_frame   0x00000d28       0x6c Drivers/STM32F1xx_HAL_Driver/Src/stm32f1xx_hal_rcc_ex.o
 .debug_frame   0x00000d94      0x9e0 Drivers/STM32F1xx_HAL_Driver/Src/stm32f1xx_hal_tim.o
 .debug_frame   0x00001774      0x374 Drivers/STM32F1xx_HAL_Driver/Src/stm32f1xx_hal_tim_ex.o
 .debug_frame   0x00001ae8      0x23c Drivers/STM32F1xx_HAL_Driver/Src/stm32f1xx_ll_usb.o
 .debug_frame   0x00001d24      0x14c Middlewares/ST/STM32_USB_Device_Library/Class/CDC/Src/usbd_cdc.o
 .debug_frame   0x00001e70      0x1bc Middlewares/ST/STM32_USB_Device_Library/Core/Src/usbd_core.o
 .debug_frame   0x0000202c      0x17c Middlewares/ST/STM32_USB_Device_Library/Core/Src/usbd_ctlreq.o
 .debug_frame   0x000021a8       0xb8 Middlewares/ST/STM32_USB_Device_Library/Core/Src/usbd_ioreq.o
 .debug_frame   0x00002260       0x28 USB_DEVICE/App/usb_device.o
 .debug_frame   0x00002288       0x20 USB_DEVICE/App/usbd_cdc_extension.o
 .debug_frame   0x000022a8       0x78 USB_DEVICE/App/usbd_cdc_if.o
 .debug_frame   0x00002320       0xa8 USB_DEVICE/App/usbd_desc.o
 .debug_frame   0x000023c8      0x2dc USB_DEVICE/Target/usbd_conf.o
 .debug_frame   0x000026a4       0x2c c:/ac6/systemworkbench/plugins/fr.ac6.mcu.externaltools.arm-none.win32_1.16.0.201807130628/tools/compiler/bin/../lib/gcc/arm-none-eabi/7.2.1/../../../../arm-none-eabi/lib/thumb/v7-m\libc_nano.a(lib_a-init.o)
 .debug_frame   0x000026d0       0x28 c:/ac6/systemworkbench/plugins/fr.ac6.mcu.externaltools.arm-none.win32_1.16.0.201807130628/tools/compiler/bin/../lib/gcc/arm-none-eabi/7.2.1/../../../../arm-none-eabi/lib/thumb/v7-m\libc_nano.a(lib_a-memcpy-stub.o)
